{
  "type" : "FeatureCollection",
  "features" : [ {
    "type" : "Feature",
    "geometry" : {
      "type" : "Polygon",
      "coordinates" : [ [ [ -44.3003, 28.6236 ], [ -44.3018, 28.6342 ], [ -44.3003, 28.6518 ], [ -44.295, 28.6689 ], [ -44.2859, 28.6847 ], [ -44.2736, 28.6986 ], [ -44.2584, 28.7101 ], [ -44.2409, 28.7188 ], [ -44.2219, 28.7243 ], [ -44.2019, 28.7265 ], [ -44.1819, 28.7252 ], [ -44.0356, 28.7024 ], [ -44.0343, 28.7052 ], [ -44.0231, 28.7199 ], [ -44.0166, 28.7256 ], [ -44.0142, 28.7352 ], [ -44.0061, 28.7514 ], [ -43.9945, 28.7659 ], [ -43.7816, 28.9832 ], [ -43.767, 28.9954 ], [ -43.7516, 29.004 ], [ -43.7474, 29.0137 ], [ -43.7369, 29.0287 ], [ -43.7232, 29.0417 ], [ -43.7068, 29.052 ], [ -43.6055, 29.1037 ], [ -43.6011, 29.1106 ], [ -43.5371, 29.4225 ], [ -43.5316, 29.4395 ], [ -43.5266, 29.4481 ], [ -43.526, 29.4568 ], [ -43.5209, 29.474 ], [ -43.4918, 29.5427 ], [ -43.493, 29.5435 ], [ -43.5063, 29.5569 ], [ -43.5163, 29.5723 ], [ -43.5227, 29.589 ], [ -43.5252, 29.6066 ], [ -43.5243, 29.6181 ], [ -43.5264, 29.6345 ], [ -43.5246, 29.6521 ], [ -43.519, 29.6691 ], [ -43.5097, 29.6848 ], [ -43.497, 29.6986 ], [ -43.4815, 29.71 ], [ -43.4638, 29.7185 ], [ -43.4444, 29.7239 ], [ -43.4243, 29.7258 ], [ -43.4145, 29.7251 ], [ -43.3762, 29.8154 ], [ -43.3751, 29.8184 ], [ -43.4414, 29.8271 ], [ -43.4611, 29.8314 ], [ -43.4794, 29.839 ], [ -43.4957, 29.8496 ], [ -43.5093, 29.8627 ], [ -43.5115, 29.8659 ], [ -43.5156, 29.8679 ], [ -43.5313, 29.8791 ], [ -43.5442, 29.8928 ], [ -43.5537, 29.9084 ], [ -43.5596, 29.9253 ], [ -43.5616, 29.9429 ], [ -43.5615, 29.9969 ], [ -43.5595, 30.0145 ], [ -43.5536, 30.0314 ], [ -43.544, 30.047 ], [ -43.5311, 30.0607 ], [ -43.5154, 30.0719 ], [ -43.5081, 30.0753 ], [ -43.5028, 30.0811 ], [ -43.4873, 30.0925 ], [ -43.4695, 30.1011 ], [ -43.4631, 30.1029 ], [ -43.4662, 30.1078 ], [ -43.4725, 30.1246 ], [ -43.475, 30.1422 ], [ -43.4746, 30.146 ], [ -43.4807, 30.1618 ], [ -43.4832, 30.1793 ], [ -43.483, 30.1812 ], [ -43.4968, 30.1873 ], [ -43.5127, 30.1984 ], [ -43.5214, 30.2074 ], [ -43.5361, 30.219 ], [ -43.5481, 30.2332 ], [ -43.5568, 30.2492 ], [ -43.5617, 30.2664 ], [ -43.5626, 30.2841 ], [ -43.5595, 30.3016 ], [ -43.5526, 30.3182 ], [ -43.5421, 30.3333 ], [ -43.5283, 30.3464 ], [ -43.4378, 30.4169 ], [ -43.4214, 30.4274 ], [ -43.4029, 30.4349 ], [ -43.3831, 30.4391 ], [ -43.3627, 30.4399 ], [ -43.3425, 30.4372 ], [ -43.3233, 30.4311 ], [ -43.3156, 30.4271 ], [ -43.3107, 30.4313 ], [ -43.3104, 30.4314 ], [ -43.3071, 30.4371 ], [ -43.2947, 30.4511 ], [ -43.2793, 30.4628 ], [ -43.2616, 30.4716 ], [ -43.2423, 30.4773 ], [ -43.2221, 30.4796 ], [ -43.2017, 30.4784 ], [ -43.1214, 30.4668 ], [ -43.1017, 30.4621 ], [ -43.0834, 30.4543 ], [ -43.0673, 30.4435 ], [ -43.0539, 30.4302 ], [ -43.0499, 30.4242 ], [ -43.0498, 30.4241 ], [ -43.0362, 30.411 ], [ -43.0259, 30.3957 ], [ -43.025, 30.3935 ], [ -43.0094, 30.401 ], [ -42.9899, 30.4064 ], [ -42.988, 30.4066 ], [ -42.9874, 30.4084 ], [ -42.9781, 30.4241 ], [ -42.9655, 30.438 ], [ -42.95, 30.4495 ], [ -42.9322, 30.4582 ], [ -42.9128, 30.4636 ], [ -42.8925, 30.4657 ], [ -42.8721, 30.4643 ], [ -42.8525, 30.4595 ], [ -42.8343, 30.4514 ], [ -42.8183, 30.4405 ], [ -42.8051, 30.427 ], [ -42.7951, 30.4116 ], [ -42.7948, 30.4107 ], [ -42.5796, 30.3748 ], [ -42.5726, 30.3798 ], [ -42.5617, 30.385 ], [ -42.5569, 30.39 ], [ -42.541, 30.4011 ], [ -42.5229, 30.4092 ], [ -42.5033, 30.4142 ], [ -42.483, 30.4157 ], [ -42.4627, 30.4138 ], [ -42.4432, 30.4084 ], [ -42.3614, 30.378 ], [ -42.3624, 30.3804 ], [ -42.3641, 30.391 ], [ -42.3678, 30.3986 ], [ -42.372, 30.4159 ], [ -42.3722, 30.4336 ], [ -42.3684, 30.451 ], [ -42.3608, 30.4674 ], [ -42.3496, 30.4822 ], [ -42.3353, 30.4948 ], [ -42.3188, 30.5045 ], [ -42.3242, 30.5204 ], [ -42.3251, 30.5298 ], [ -42.3253, 30.5302 ], [ -42.328, 30.5478 ], [ -42.3268, 30.5654 ], [ -42.322, 30.5815 ], [ -42.3228, 30.5856 ], [ -42.3227, 30.6033 ], [ -42.3185, 30.6206 ], [ -42.3105, 30.6369 ], [ -42.299, 30.6515 ], [ -42.2844, 30.6639 ], [ -42.2673, 30.6736 ], [ -42.267, 30.6736 ], [ -42.2645, 30.6786 ], [ -42.2527, 30.693 ], [ -42.2379, 30.7052 ], [ -42.2206, 30.7146 ], [ -42.2015, 30.721 ], [ -42.1813, 30.724 ], [ -42.1747, 30.7238 ], [ -42.1644, 30.7315 ], [ -42.1466, 30.7402 ], [ -42.1272, 30.7457 ], [ -42.1069, 30.7479 ], [ -42.0865, 30.7465 ], [ -41.4016, 30.6414 ], [ -41.3123, 30.6406 ], [ -41.2973, 30.6395 ], [ -41.0498, 30.6055 ], [ -40.0976, 31.0147 ], [ -39.5523, 31.2838 ], [ -39.5335, 31.291 ], [ -39.5134, 31.295 ], [ -39.4929, 31.2954 ], [ -39.4726, 31.2925 ], [ -39.4533, 31.2861 ], [ -39.4359, 31.2767 ], [ -39.421, 31.2646 ], [ -39.4091, 31.2501 ], [ -39.4007, 31.234 ], [ -39.3962, 31.2167 ], [ -39.3957, 31.1991 ], [ -39.3991, 31.1816 ], [ -39.3999, 31.18 ], [ -39.3965, 31.1677 ], [ -39.3959, 31.15 ], [ -39.3992, 31.1326 ], [ -39.4065, 31.116 ], [ -39.4173, 31.101 ], [ -39.4314, 31.0881 ], [ -39.4481, 31.0778 ], [ -39.5561, 31.0241 ], [ -39.5656, 31.0199 ], [ -39.7894, 30.9328 ], [ -40.0841, 30.7839 ], [ -40.0869, 30.7826 ], [ -40.6188, 30.53 ], [ -40.6251, 30.5273 ], [ -40.9229, 30.4064 ], [ -40.9421, 30.4005 ], [ -40.9623, 30.3979 ], [ -40.9786, 30.3986 ], [ -40.9835, 30.3971 ], [ -41.0036, 30.3943 ], [ -41.024, 30.3949 ], [ -41.49, 30.4493 ], [ -41.5419, 30.2687 ], [ -41.5488, 30.2521 ], [ -41.5592, 30.2369 ], [ -41.5702, 30.2263 ], [ -41.5683, 30.2219 ], [ -41.5647, 30.2045 ], [ -41.5651, 30.1868 ], [ -41.5721, 30.1356 ], [ -41.5534, 30.1263 ], [ -41.5368, 30.116 ], [ -41.5228, 30.1032 ], [ -41.512, 30.0882 ], [ -41.5092, 30.0817 ], [ -41.4994, 30.0793 ], [ -41.4992, 30.0794 ], [ -41.4791, 30.0817 ], [ -41.4588, 30.0805 ], [ -41.4391, 30.0759 ], [ -41.4209, 30.0681 ], [ -41.4048, 30.0573 ], [ -41.3914, 30.044 ], [ -41.3813, 30.0287 ], [ -41.3748, 30.0119 ], [ -41.3721, 29.9944 ], [ -41.3735, 29.9768 ], [ -41.4016, 29.8291 ], [ -41.4069, 29.812 ], [ -41.4159, 29.7961 ], [ -41.4282, 29.7821 ], [ -41.4435, 29.7705 ], [ -41.461, 29.7616 ], [ -41.4802, 29.7559 ], [ -41.5003, 29.7536 ], [ -41.5205, 29.7548 ], [ -41.5401, 29.7594 ], [ -41.5547, 29.7656 ], [ -41.5712, 29.761 ], [ -41.5913, 29.759 ], [ -41.6115, 29.7604 ], [ -41.6809, 29.7714 ], [ -41.6869, 29.7729 ], [ -41.689, 29.7678 ], [ -41.6994, 29.7526 ], [ -41.6996, 29.7524 ], [ -41.7014, 29.747 ], [ -41.7107, 29.7313 ], [ -41.7111, 29.7309 ], [ -41.7115, 29.7263 ], [ -41.7169, 29.7093 ], [ -41.726, 29.6935 ], [ -41.7385, 29.6796 ], [ -41.7538, 29.668 ], [ -41.7714, 29.6593 ], [ -41.7907, 29.6538 ], [ -41.8108, 29.6516 ], [ -41.8149, 29.6519 ], [ -41.819, 29.6473 ], [ -41.8345, 29.636 ], [ -41.8443, 29.6313 ], [ -41.8459, 29.6292 ], [ -41.86, 29.6166 ], [ -41.8768, 29.6066 ], [ -41.8954, 29.5997 ], [ -41.9152, 29.5961 ], [ -41.9354, 29.5959 ], [ -41.9553, 29.5992 ], [ -42.0198, 29.6157 ], [ -42.2547, 29.6547 ], [ -42.2741, 29.6596 ], [ -42.2921, 29.6678 ], [ -42.3078, 29.6789 ], [ -42.3209, 29.6924 ], [ -42.3306, 29.7079 ], [ -42.3348, 29.7196 ], [ -42.3404, 29.7253 ], [ -42.3436, 29.7304 ], [ -42.462, 29.7483 ], [ -42.4747, 29.7385 ], [ -42.4806, 29.7278 ], [ -42.4859, 29.7114 ], [ -42.4875, 29.7087 ], [ -42.4862, 29.6993 ], [ -42.4878, 29.6816 ], [ -42.491, 29.6717 ], [ -42.4889, 29.6574 ], [ -42.4902, 29.6398 ], [ -42.4955, 29.6227 ], [ -42.4968, 29.6203 ], [ -42.4952, 29.6091 ], [ -42.4956, 29.6047 ], [ -42.3218, 29.5807 ], [ -42.3022, 29.5762 ], [ -42.284, 29.5685 ], [ -42.2679, 29.5578 ], [ -42.2544, 29.5446 ], [ -42.2442, 29.5293 ], [ -42.2376, 29.5126 ], [ -42.2349, 29.4951 ], [ -42.2361, 29.4774 ], [ -42.2402, 29.4637 ], [ -42.2397, 29.4599 ], [ -42.2415, 29.4423 ], [ -42.2472, 29.4253 ], [ -42.2566, 29.4096 ], [ -42.2692, 29.3958 ], [ -42.2847, 29.3845 ], [ -42.3024, 29.376 ], [ -42.3217, 29.3707 ], [ -42.3418, 29.3688 ], [ -42.3619, 29.3703 ], [ -42.5277, 29.3976 ], [ -42.528, 29.3937 ], [ -42.5333, 29.3766 ], [ -42.539, 29.3663 ], [ -42.5343, 29.3549 ], [ -42.5313, 29.3374 ], [ -42.5322, 29.3197 ], [ -42.537, 29.3026 ], [ -42.5417, 29.2939 ], [ -42.5424, 29.2855 ], [ -42.5477, 29.2684 ], [ -42.5508, 29.2631 ], [ -42.5517, 29.2533 ], [ -42.555, 29.2432 ], [ -42.5561, 29.2313 ], [ -42.5615, 29.2143 ], [ -42.5706, 29.1985 ], [ -42.583, 29.1845 ], [ -42.5982, 29.173 ], [ -42.6158, 29.1643 ], [ -42.6349, 29.1588 ], [ -42.6549, 29.1566 ], [ -42.675, 29.1579 ], [ -42.6896, 29.1601 ], [ -42.6903, 29.1591 ], [ -42.7036, 29.1458 ], [ -42.7196, 29.135 ], [ -42.7377, 29.1272 ], [ -42.7571, 29.1227 ], [ -42.7772, 29.1215 ], [ -42.7868, 29.1226 ], [ -42.7869, 29.121 ], [ -42.7922, 29.104 ], [ -42.8012, 29.0881 ], [ -42.8026, 29.0865 ], [ -42.8018, 29.0843 ], [ -42.7994, 29.0668 ], [ -42.801, 29.0491 ], [ -42.8065, 29.0321 ], [ -42.8156, 29.0163 ], [ -42.8161, 29.0158 ], [ -42.8172, 29.0039 ], [ -42.818, 29.0013 ], [ -42.8177, 28.9988 ], [ -42.8195, 28.9812 ], [ -42.8251, 28.9642 ], [ -42.8344, 28.9485 ], [ -42.8392, 28.9432 ], [ -42.8393, 28.9326 ], [ -42.8433, 28.9153 ], [ -42.8512, 28.899 ], [ -42.8624, 28.8844 ], [ -42.8767, 28.8719 ], [ -42.8778, 28.8713 ], [ -42.8781, 28.8631 ], [ -42.8826, 28.8459 ], [ -42.8909, 28.8298 ], [ -42.9026, 28.8154 ], [ -42.9057, 28.8128 ], [ -42.909, 28.8066 ], [ -42.9208, 28.7923 ], [ -42.9355, 28.7803 ], [ -42.9527, 28.7711 ], [ -42.9715, 28.765 ], [ -42.9913, 28.7622 ], [ -42.9918, 28.7623 ], [ -42.9926, 28.7593 ], [ -43.0016, 28.7435 ], [ -43.0138, 28.7295 ], [ -43.0289, 28.7179 ], [ -43.0463, 28.7091 ], [ -43.0594, 28.7052 ], [ -43.0708, 28.6963 ], [ -43.0882, 28.6875 ], [ -43.1072, 28.6818 ], [ -43.1271, 28.6794 ], [ -43.1331, 28.6798 ], [ -43.1382, 28.6712 ], [ -43.1508, 28.6574 ], [ -43.1648, 28.6471 ], [ -43.1693, 28.6325 ], [ -43.1782, 28.6166 ], [ -43.1805, 28.6141 ], [ -43.1815, 28.6107 ], [ -43.1904, 28.5949 ], [ -43.2027, 28.5809 ], [ -43.2178, 28.5692 ], [ -43.2352, 28.5604 ], [ -43.2541, 28.5548 ], [ -43.2669, 28.5533 ], [ -43.2682, 28.5511 ], [ -43.2807, 28.5373 ], [ -43.296, 28.5258 ], [ -43.3135, 28.5173 ], [ -43.3326, 28.5119 ], [ -43.3525, 28.5099 ], [ -43.3724, 28.5114 ], [ -43.3814, 28.5128 ], [ -43.399, 28.5126 ], [ -43.4103, 28.5145 ], [ -43.4141, 28.5132 ], [ -43.4339, 28.5105 ], [ -43.4539, 28.5111 ], [ -43.599, 28.5287 ], [ -43.6024, 28.5261 ], [ -43.6199, 28.5176 ], [ -43.639, 28.5123 ], [ -43.6589, 28.5103 ], [ -43.6789, 28.5118 ], [ -43.7401, 28.5218 ], [ -43.7428, 28.5203 ], [ -43.7614, 28.5139 ], [ -43.7811, 28.5108 ], [ -43.7866, 28.5109 ], [ -43.7948, 28.5099 ], [ -43.8148, 28.5111 ], [ -43.9103, 28.5253 ], [ -43.9175, 28.5211 ], [ -43.9244, 28.5186 ], [ -43.9264, 28.5176 ], [ -43.9297, 28.5166 ], [ -43.936, 28.5143 ], [ -43.9402, 28.5136 ], [ -43.9454, 28.5121 ], [ -43.954, 28.5112 ], [ -43.9556, 28.5109 ], [ -43.9567, 28.5109 ], [ -43.9653, 28.51 ], [ -43.9852, 28.5114 ], [ -44.0632, 28.5235 ], [ -44.073, 28.5184 ], [ -44.0919, 28.5125 ], [ -44.1117, 28.51 ], [ -44.1317, 28.5109 ], [ -44.2145, 28.522 ], [ -44.2339, 28.5264 ], [ -44.252, 28.534 ], [ -44.268, 28.5445 ], [ -44.2814, 28.5577 ], [ -44.2917, 28.5728 ], [ -44.2984, 28.5895 ], [ -44.3013, 28.607 ], [ -44.3003, 28.6236 ] ] ]
    },
    "properties" : { }
  } ]
}