{
  "type" : "FeatureCollection",
  "features" : [ {
    "type" : "Feature",
    "geometry" : {
      "type" : "Polygon",
      "coordinates" : [ [ [ -9.4726, 46.3514 ], [ -9.5403, 46.3102 ], [ -9.8698, 46.1771 ], [ -10.2292, 46.0901 ], [ -10.6053, 46.0523 ], [ -10.9849, 46.065 ], [ -11.3543, 46.1278 ], [ -11.7002, 46.2384 ], [ -12.0101, 46.3929 ], [ -12.2724, 46.5857 ], [ -12.4769, 46.8097 ], [ -12.6154, 47.0566 ], [ -12.6817, 47.3172 ], [ -12.6723, 47.5815 ], [ -12.5863, 47.8395 ], [ -12.4261, 48.081 ], [ -12.1971, 48.2965 ], [ -12.0169, 48.4093 ], [ -12.003, 48.4489 ], [ -11.8382, 48.6895 ], [ -11.6041, 48.9038 ], [ -11.3092, 49.083 ], [ -10.9649, 49.22 ], [ -10.585, 49.3092 ], [ -10.185, 49.3468 ], [ -9.7816, 49.3314 ], [ -9.3913, 49.2636 ], [ -9.0302, 49.1461 ], [ -8.713, 48.9838 ], [ -8.4521, 48.7833 ], [ -8.2573, 48.5526 ], [ -8.1356, 48.3011 ], [ -8.0906, 48.0384 ], [ -8.1228, 47.7749 ], [ -8.216, 47.5543 ], [ -8.2372, 47.3767 ], [ -8.3431, 47.1222 ], [ -8.5185, 46.8865 ], [ -8.756, 46.6783 ], [ -9.0461, 46.5052 ], [ -9.378, 46.3736 ], [ -9.4726, 46.3514 ] ] ]
    },
    "properties" : { }
  }, {
    "type" : "Feature",
    "geometry" : {
      "type" : "Polygon",
      "coordinates" : [ [ [ -5.3509, 43.7405 ], [ -5.4586, 43.7657 ], [ -5.7779, 43.894 ], [ -6.0582, 44.0641 ], [ -6.2888, 44.2699 ], [ -6.4606, 44.5039 ], [ -6.5666, 44.7572 ], [ -6.6018, 45.0205 ], [ -6.5639, 45.2837 ], [ -6.4533, 45.5365 ], [ -6.2735, 45.769 ], [ -6.0307, 45.972 ], [ -5.734, 46.1373 ], [ -5.3952, 46.2581 ], [ -5.0278, 46.3297 ], [ -4.6468, 46.3488 ], [ -4.2681, 46.3149 ], [ -4.2658, 46.3144 ], [ -4.0041, 46.4528 ], [ -3.6596, 46.5685 ], [ -3.2879, 46.6344 ], [ -2.9043, 46.6477 ], [ -2.5247, 46.608 ], [ -2.1646, 46.5169 ], [ -1.8389, 46.3781 ], [ -1.5604, 46.1973 ], [ -1.3399, 45.9818 ], [ -1.1855, 45.7402 ], [ -1.1025, 45.4822 ], [ -1.093, 45.2178 ], [ -1.1565, 44.9571 ], [ -1.2895, 44.7102 ], [ -1.3208, 44.6747 ], [ -1.3716, 44.4606 ], [ -1.5024, 44.2135 ], [ -1.6966, 43.9891 ], [ -1.946, 43.7959 ], [ -2.2412, 43.6408 ], [ -2.571, 43.5296 ], [ -2.9234, 43.4661 ], [ -3.2857, 43.4528 ], [ -3.6449, 43.4899 ], [ -3.7067, 43.5056 ], [ -3.9001, 43.4688 ], [ -4.2622, 43.4521 ], [ -4.6221, 43.486 ], [ -4.9668, 43.5693 ], [ -5.2839, 43.699 ], [ -5.3509, 43.7405 ] ] ]
    },
    "properties" : { }
  }, {
    "type" : "Feature",
    "geometry" : {
      "type" : "Polygon",
      "coordinates" : [ [ [ -9.93, 46.8383 ], [ -9.7008, 46.93 ], [ -9.5842, 46.9574 ], [ -9.5333, 47.0883 ], [ -9.446, 47.2092 ], [ -9.5455, 47.4079 ], [ -9.5971, 47.6701 ], [ -9.5778, 47.8758 ], [ -9.6457, 47.9545 ], [ -9.7738, 48.2045 ], [ -9.8274, 48.4664 ], [ -9.8033, 48.7302 ], [ -9.7999, 48.7389 ], [ -9.847, 48.9662 ], [ -9.8227, 49.2299 ], [ -9.7198, 49.4853 ], [ -9.541, 49.7224 ], [ -9.2926, 49.9318 ], [ -8.9837, 50.1051 ], [ -8.6263, 50.2352 ], [ -8.2348, 50.3168 ], [ -7.8254, 50.3466 ], [ -7.4148, 50.3233 ], [ -7.0203, 50.2479 ], [ -6.9974, 50.2401 ], [ -6.6973, 50.2212 ], [ -6.3046, 50.1435 ], [ -6.1826, 50.1007 ], [ -6.1222, 50.132 ], [ -5.7575, 50.2537 ], [ -5.3616, 50.3261 ], [ -4.9506, 50.3463 ], [ -4.5417, 50.3135 ], [ -4.5347, 50.312 ], [ -4.4379, 50.3287 ], [ -4.0266, 50.3459 ], [ -3.6184, 50.3099 ], [ -3.2301, 50.2225 ], [ -2.8776, 50.087 ], [ -2.5752, 49.9092 ], [ -2.3344, 49.6961 ], [ -2.322, 49.6786 ], [ -2.0727, 49.5794 ], [ -1.7761, 49.3995 ], [ -1.541, 49.1847 ], [ -1.3762, 48.9438 ], [ -1.2871, 48.6862 ], [ -1.2762, 48.422 ], [ -1.3426, 48.1614 ], [ -1.4828, 47.9143 ], [ -1.6905, 47.6899 ], [ -1.9572, 47.4966 ], [ -2.2727, 47.3414 ], [ -2.6252, 47.23 ], [ -2.6884, 47.2194 ], [ -2.6504, 47.1641 ], [ -2.5582, 46.9073 ], [ -2.5415, 46.643 ], [ -2.5997, 46.3815 ], [ -2.7296, 46.1328 ], [ -2.9254, 45.9062 ], [ -3.1792, 45.71 ], [ -3.481, 45.5515 ], [ -3.8197, 45.4364 ], [ -4.1827, 45.3688 ], [ -4.3131, 45.3628 ], [ -4.4238, 45.2271 ], [ -4.6692, 45.0277 ], [ -4.9631, 44.8652 ], [ -5.2945, 44.7457 ], [ -5.6512, 44.6733 ], [ -6.0204, 44.6508 ], [ -6.2064, 44.6651 ], [ -6.216, 44.6526 ], [ -6.4524, 44.4493 ], [ -6.7381, 44.2822 ], [ -7.0623, 44.1575 ], [ -7.4129, 44.0795 ], [ -7.7775, 44.0511 ], [ -8.1428, 44.0733 ], [ -8.4959, 44.1453 ], [ -8.8239, 44.2645 ], [ -8.9923, 44.3586 ], [ -9.091, 44.3636 ], [ -9.3107, 44.2731 ], [ -9.6588, 44.1879 ], [ -10.0228, 44.152 ], [ -10.3895, 44.1667 ], [ -10.7458, 44.2315 ], [ -11.0789, 44.3439 ], [ -11.3767, 44.5001 ], [ -11.628, 44.6942 ], [ -11.823, 44.9193 ], [ -11.9539, 45.167 ], [ -12.0149, 45.428 ], [ -12.0026, 45.6924 ], [ -11.9164, 45.9499 ], [ -11.7588, 46.1907 ], [ -11.5351, 46.405 ], [ -11.2535, 46.5843 ], [ -10.925, 46.7214 ], [ -10.5626, 46.8106 ], [ -10.1811, 46.8482 ], [ -9.93, 46.8383 ] ] ]
    },
    "properties" : { }
  }, {
    "type" : "Feature",
    "geometry" : {
      "type" : "Polygon",
      "coordinates" : [ [ [ -7.1217, 44.3207 ], [ -7.1564, 44.0575 ], [ -7.261, 43.8042 ], [ -7.4306, 43.5703 ], [ -7.6583, 43.3646 ], [ -7.9351, 43.1945 ], [ -8.2505, 43.0663 ], [ -8.5929, 42.9846 ], [ -8.95, 42.9523 ], [ -9.3088, 42.9706 ], [ -9.6565, 43.0388 ], [ -9.9806, 43.1544 ], [ -10.2692, 43.3134 ], [ -10.5115, 43.51 ], [ -10.6981, 43.7368 ], [ -10.8214, 43.9857 ], [ -10.8758, 44.2472 ], [ -10.8585, 44.5113 ], [ -10.7689, 44.7679 ], [ -10.6097, 45.0069 ], [ -10.3864, 45.2189 ], [ -10.1071, 45.3954 ], [ -9.7828, 45.5292 ], [ -9.4264, 45.6147 ], [ -9.0525, 45.6486 ], [ -8.6764, 45.6295 ], [ -8.3136, 45.558 ], [ -7.979, 45.4371 ], [ -7.6861, 45.2719 ], [ -7.4462, 45.069 ], [ -7.2685, 44.8365 ], [ -7.1592, 44.5838 ], [ -7.1217, 44.3207 ] ] ]
    },
    "properties" : { }
  } ]
}