{
  "type" : "FeatureCollection",
  "features" : [ {
    "type" : "Feature",
    "geometry" : {
      "type" : "Polygon",
      "coordinates" : [ [ [ -6.7541, 46.1207 ], [ -6.8499, 46.202 ], [ -6.9219, 46.2953 ], [ -6.9664, 46.3965 ], [ -6.9816, 46.5018 ], [ -6.9668, 46.6071 ], [ -6.9224, 46.7084 ], [ -6.8499, 46.8017 ], [ -6.752, 46.8835 ], [ -6.6325, 46.9504 ], [ -6.4959, 47 ], [ -6.3476, 47.0301 ], [ -6.1935, 47.0397 ], [ -6.0396, 47.0284 ], [ -5.8921, 46.9965 ], [ -5.7568, 46.9454 ], [ -5.6389, 46.8771 ], [ -5.543, 46.7943 ], [ -5.4727, 46.7001 ], [ -5.4308, 46.5983 ], [ -5.4185, 46.4929 ], [ -5.4362, 46.3878 ], [ -5.4419, 46.3756 ], [ -5.3479, 46.2932 ], [ -5.2787, 46.1989 ], [ -5.2374, 46.097 ], [ -5.2256, 45.9915 ], [ -5.2436, 45.8865 ], [ -5.2904, 45.7858 ], [ -5.3642, 45.6935 ], [ -5.4621, 45.6129 ], [ -5.5801, 45.5472 ], [ -5.714, 45.4988 ], [ -5.8585, 45.4694 ], [ -6.0083, 45.4603 ], [ -6.1578, 45.4717 ], [ -6.3014, 45.5032 ], [ -6.4337, 45.5536 ], [ -6.5497, 45.6211 ], [ -6.6451, 45.7031 ], [ -6.7161, 45.7966 ], [ -6.7598, 45.8979 ], [ -6.7745, 46.0032 ], [ -6.7595, 46.1085 ], [ -6.7541, 46.1207 ] ] ]
    },
    "properties" : { }
  }, {
    "type" : "Feature",
    "geometry" : {
      "type" : "Polygon",
      "coordinates" : [ [ [ -10.8912, 47.9236 ], [ -10.9027, 47.975 ], [ -10.8954, 48.0806 ], [ -10.8573, 48.1833 ], [ -10.7898, 48.2789 ], [ -10.6954, 48.3639 ], [ -10.5777, 48.4348 ], [ -10.4411, 48.4889 ], [ -10.2911, 48.5241 ], [ -10.1335, 48.5389 ], [ -9.9746, 48.5328 ], [ -9.8206, 48.5061 ], [ -9.6777, 48.4597 ], [ -9.5514, 48.3955 ], [ -9.4467, 48.3161 ], [ -9.3676, 48.2245 ], [ -9.3169, 48.1244 ], [ -9.2966, 48.0195 ], [ -9.3071, 47.914 ], [ -9.348, 47.8119 ], [ -9.4175, 47.717 ], [ -9.4209, 47.714 ], [ -9.4026, 47.6202 ], [ -9.4129, 47.5147 ], [ -9.4533, 47.4125 ], [ -9.522, 47.3176 ], [ -9.6164, 47.2335 ], [ -9.7328, 47.1635 ], [ -9.8667, 47.1102 ], [ -10.0131, 47.0755 ], [ -10.0785, 47.0693 ], [ -10.1152, 47.036 ], [ -10.2305, 46.9655 ], [ -10.3634, 46.9116 ], [ -10.5089, 46.8763 ], [ -10.6616, 46.861 ], [ -10.8156, 46.8661 ], [ -10.9654, 46.8916 ], [ -11.1052, 46.9365 ], [ -11.2299, 46.999 ], [ -11.3347, 47.0769 ], [ -11.4154, 47.1672 ], [ -11.4691, 47.2664 ], [ -11.4934, 47.3709 ], [ -11.4873, 47.4766 ], [ -11.4508, 47.5795 ], [ -11.3851, 47.6755 ], [ -11.2928, 47.7609 ], [ -11.1772, 47.8325 ], [ -11.0428, 47.8873 ], [ -10.8948, 47.9233 ], [ -10.8912, 47.9236 ] ] ]
    },
    "properties" : { }
  }, {
    "type" : "Feature",
    "geometry" : {
      "type" : "Polygon",
      "coordinates" : [ [ [ -7.0339, 45.4039 ], [ -7.0482, 45.2986 ], [ -7.0913, 45.1972 ], [ -7.1613, 45.1037 ], [ -7.2555, 45.0217 ], [ -7.3702, 44.9541 ], [ -7.501, 44.9035 ], [ -7.643, 44.8719 ], [ -7.7909, 44.8603 ], [ -7.9391, 44.8694 ], [ -8.0821, 44.8986 ], [ -8.2146, 44.9469 ], [ -8.3315, 45.0125 ], [ -8.4284, 45.093 ], [ -8.5015, 45.1853 ], [ -8.548, 45.2858 ], [ -8.566, 45.3909 ], [ -8.5545, 45.4964 ], [ -8.5139, 45.5983 ], [ -8.4455, 45.6926 ], [ -8.352, 45.7757 ], [ -8.2368, 45.8443 ], [ -8.1044, 45.8957 ], [ -7.96, 45.928 ], [ -7.8093, 45.9397 ], [ -7.6582, 45.9305 ], [ -7.5128, 45.9008 ], [ -7.3786, 45.8516 ], [ -7.2611, 45.7849 ], [ -7.1647, 45.7035 ], [ -7.0931, 45.6103 ], [ -7.049, 45.5092 ], [ -7.0339, 45.4039 ] ] ]
    },
    "properties" : { }
  }, {
    "type" : "Feature",
    "geometry" : {
      "type" : "Polygon",
      "coordinates" : [ [ [ -6.9169, 46.6031 ], [ -6.9318, 46.4978 ], [ -6.9761, 46.3965 ], [ -7.0478, 46.3031 ], [ -7.1442, 46.2211 ], [ -7.2616, 46.1536 ], [ -7.3953, 46.1032 ], [ -7.5405, 46.0717 ], [ -7.6916, 46.0603 ], [ -7.8431, 46.0694 ], [ -7.9892, 46.0988 ], [ -8.1245, 46.1472 ], [ -8.2438, 46.2129 ], [ -8.3427, 46.2935 ], [ -8.4174, 46.3858 ], [ -8.4647, 46.4864 ], [ -8.4829, 46.5915 ], [ -8.471, 46.697 ], [ -8.4293, 46.7988 ], [ -8.3593, 46.8931 ], [ -8.2636, 46.9761 ], [ -8.1457, 47.0446 ], [ -8.0103, 47.096 ], [ -7.8626, 47.1281 ], [ -7.7085, 47.1397 ], [ -7.5541, 47.1304 ], [ -7.4054, 47.1005 ], [ -7.2684, 47.0512 ], [ -7.1484, 46.9844 ], [ -7.05, 46.9028 ], [ -6.977, 46.8096 ], [ -6.9321, 46.7084 ], [ -6.9169, 46.6031 ] ] ]
    },
    "properties" : { }
  }, {
    "type" : "Feature",
    "geometry" : {
      "type" : "Polygon",
      "coordinates" : [ [ [ -9.3328, 45.5196 ], [ -9.3429, 45.4141 ], [ -9.3818, 45.3119 ], [ -9.4481, 45.217 ], [ -9.5391, 45.133 ], [ -9.6512, 45.0631 ], [ -9.7801, 45.0098 ], [ -9.921, 44.9753 ], [ -10.0687, 44.9607 ], [ -10.2174, 44.9667 ], [ -10.3618, 44.993 ], [ -10.4964, 45.0386 ], [ -10.6162, 45.1017 ], [ -10.7165, 45.1802 ], [ -10.7935, 45.2709 ], [ -10.8442, 45.3705 ], [ -10.8665, 45.4751 ], [ -10.8594, 45.5808 ], [ -10.823, 45.6835 ], [ -10.7585, 45.7792 ], [ -10.6684, 45.8642 ], [ -10.5559, 45.9351 ], [ -10.4256, 45.9893 ], [ -10.2824, 46.0245 ], [ -10.132, 46.0393 ], [ -9.9803, 46.0332 ], [ -9.8333, 46.0065 ], [ -9.6969, 45.9601 ], [ -9.5764, 45.8959 ], [ -9.4764, 45.8164 ], [ -9.4008, 45.7248 ], [ -9.3523, 45.6246 ], [ -9.3328, 45.5196 ] ] ]
    },
    "properties" : { }
  }, {
    "type" : "Feature",
    "geometry" : {
      "type" : "Polygon",
      "coordinates" : [ [ [ -7.0859, 47.7245 ], [ -7.1415, 47.794 ], [ -7.1877, 47.8951 ], [ -7.2038, 48.0003 ], [ -7.189, 48.1056 ], [ -7.1438, 48.2069 ], [ -7.0696, 48.3003 ], [ -6.9692, 48.3822 ], [ -6.8465, 48.4493 ], [ -6.7062, 48.4991 ], [ -6.5538, 48.5295 ], [ -6.3954, 48.5394 ], [ -6.2371, 48.5283 ], [ -6.0852, 48.4967 ], [ -5.9458, 48.4459 ], [ -5.8243, 48.3778 ], [ -5.7254, 48.2952 ], [ -5.6528, 48.2012 ], [ -5.6093, 48.0996 ], [ -5.6052, 48.0666 ], [ -5.5459, 48.0445 ], [ -5.4258, 47.976 ], [ -5.3282, 47.893 ], [ -5.2569, 47.7987 ], [ -5.2145, 47.6969 ], [ -5.2024, 47.5914 ], [ -5.2209, 47.4864 ], [ -5.2692, 47.3858 ], [ -5.3453, 47.2935 ], [ -5.446, 47.213 ], [ -5.5676, 47.1473 ], [ -5.7054, 47.0989 ], [ -5.8543, 47.0695 ], [ -5.8887, 47.0675 ], [ -5.9455, 46.9969 ], [ -6.0448, 46.9158 ], [ -6.165, 46.8495 ], [ -6.3015, 46.8004 ], [ -6.4492, 46.7702 ], [ -6.6025, 46.7603 ], [ -6.7557, 46.7709 ], [ -6.9031, 46.8016 ], [ -7.0391, 46.8514 ], [ -7.1587, 46.9182 ], [ -7.2573, 46.9997 ], [ -7.3311, 47.0927 ], [ -7.377, 47.1938 ], [ -7.3933, 47.299 ], [ -7.3791, 47.4043 ], [ -7.3348, 47.5058 ], [ -7.2619, 47.5993 ], [ -7.1632, 47.6814 ], [ -7.0859, 47.7245 ] ] ]
    },
    "properties" : { }
  }, {
    "type" : "Feature",
    "geometry" : {
      "type" : "Polygon",
      "coordinates" : [ [ [ -8.518, 48.7478 ], [ -8.55, 48.7853 ], [ -8.5998, 48.8858 ], [ -8.6191, 48.9907 ], [ -8.6069, 49.0961 ], [ -8.5636, 49.1978 ], [ -8.4906, 49.292 ], [ -8.3905, 49.375 ], [ -8.2674, 49.4436 ], [ -8.1257, 49.4949 ], [ -7.9713, 49.5271 ], [ -7.81, 49.5389 ], [ -7.6483, 49.5297 ], [ -7.4927, 49.5 ], [ -7.3491, 49.4509 ], [ -7.2945, 49.422 ], [ -7.2637, 49.4282 ], [ -7.1026, 49.439 ], [ -6.9414, 49.4288 ], [ -6.7865, 49.3982 ], [ -6.6439, 49.3482 ], [ -6.5194, 49.2809 ], [ -6.4176, 49.199 ], [ -6.3425, 49.1055 ], [ -6.2969, 49.0042 ], [ -6.2823, 48.8989 ], [ -6.2991, 48.7938 ], [ -6.3465, 48.6929 ], [ -6.4226, 48.5999 ], [ -6.5242, 48.5185 ], [ -6.6474, 48.4518 ], [ -6.7877, 48.4021 ], [ -6.9396, 48.3714 ], [ -7.0184, 48.3661 ], [ -7.0495, 48.2972 ], [ -7.1237, 48.2038 ], [ -7.2235, 48.1218 ], [ -7.3449, 48.0543 ], [ -7.4834, 48.0038 ], [ -7.6338, 47.9722 ], [ -7.7903, 47.9607 ], [ -7.9472, 47.9697 ], [ -8.0986, 47.9988 ], [ -8.2389, 48.0471 ], [ -8.3627, 48.1127 ], [ -8.4653, 48.1931 ], [ -8.5429, 48.2853 ], [ -8.5922, 48.3858 ], [ -8.6113, 48.4907 ], [ -8.5992, 48.5961 ], [ -8.5563, 48.6979 ], [ -8.518, 48.7478 ] ] ]
    },
    "properties" : { }
  }, {
    "type" : "Feature",
    "geometry" : {
      "type" : "Polygon",
      "coordinates" : [ [ [ -3.7402, 45.177 ], [ -3.7554, 45.2181 ], [ -3.7642, 45.3237 ], [ -3.7436, 45.4286 ], [ -3.6943, 45.5285 ], [ -3.6179, 45.6197 ], [ -3.5174, 45.6987 ], [ -3.3966, 45.7622 ], [ -3.2602, 45.8079 ], [ -3.1135, 45.8338 ], [ -2.9623, 45.8391 ], [ -2.8126, 45.8234 ], [ -2.6703, 45.7875 ], [ -2.541, 45.7327 ], [ -2.4298, 45.6611 ], [ -2.3409, 45.5756 ], [ -2.2777, 45.4796 ], [ -2.2425, 45.3767 ], [ -2.2365, 45.271 ], [ -2.2599, 45.1665 ], [ -2.3115, 45.0672 ], [ -2.3892, 44.9769 ], [ -2.4636, 44.9194 ], [ -2.4495, 44.8781 ], [ -2.4432, 44.7724 ], [ -2.466, 44.6679 ], [ -2.5167, 44.5685 ], [ -2.5934, 44.4781 ], [ -2.6931, 44.4 ], [ -2.8117, 44.3373 ], [ -2.945, 44.2922 ], [ -3.0878, 44.2664 ], [ -3.2348, 44.261 ], [ -3.3804, 44.2761 ], [ -3.5194, 44.3111 ], [ -3.6464, 44.3648 ], [ -3.7566, 44.4351 ], [ -3.8458, 44.5194 ], [ -3.9106, 44.6145 ], [ -3.9483, 44.7168 ], [ -3.9574, 44.8224 ], [ -3.9374, 44.9272 ], [ -3.8889, 45.0273 ], [ -3.8135, 45.1186 ], [ -3.7402, 45.177 ] ] ]
    },
    "properties" : { }
  }, {
    "type" : "Feature",
    "geometry" : {
      "type" : "Polygon",
      "coordinates" : [ [ [ -4.1812, 48.9845 ], [ -4.2023, 48.8798 ], [ -4.2538, 48.7797 ], [ -4.3337, 48.6882 ], [ -4.4387, 48.6086 ], [ -4.5648, 48.544 ], [ -4.7072, 48.4968 ], [ -4.8605, 48.4688 ], [ -5.019, 48.461 ], [ -5.1769, 48.4737 ], [ -5.3281, 48.5064 ], [ -5.4671, 48.5579 ], [ -5.5885, 48.6264 ], [ -5.6879, 48.7091 ], [ -5.7612, 48.803 ], [ -5.8056, 48.9046 ], [ -5.8192, 49.0099 ], [ -5.8014, 49.1149 ], [ -5.7525, 49.2155 ], [ -5.6744, 49.308 ], [ -5.5698, 49.3886 ], [ -5.4429, 49.4542 ], [ -5.2986, 49.5022 ], [ -5.1424, 49.5308 ], [ -4.9806, 49.5388 ], [ -4.8195, 49.5258 ], [ -4.6656, 49.4925 ], [ -4.5249, 49.44 ], [ -4.403, 49.3706 ], [ -4.3044, 49.2868 ], [ -4.2331, 49.1921 ], [ -4.1915, 49.09 ], [ -4.1812, 48.9845 ] ] ]
    },
    "properties" : { }
  }, {
    "type" : "Feature",
    "geometry" : {
      "type" : "Polygon",
      "coordinates" : [ [ [ -6.8007, 47.7024 ], [ -6.8162, 47.5971 ], [ -6.8615, 47.4959 ], [ -6.935, 47.4026 ], [ -7.0335, 47.3207 ], [ -7.1534, 47.2533 ], [ -7.29, 47.203 ], [ -7.4382, 47.1717 ], [ -7.5925, 47.1604 ], [ -7.747, 47.1697 ], [ -7.896, 47.1991 ], [ -8.034, 47.2477 ], [ -8.1557, 47.3135 ], [ -8.2565, 47.3941 ], [ -8.3325, 47.4865 ], [ -8.3807, 47.5871 ], [ -8.3991, 47.6921 ], [ -8.3868, 47.7976 ], [ -8.3441, 47.8994 ], [ -8.2725, 47.9935 ], [ -8.1746, 48.0764 ], [ -8.0542, 48.1448 ], [ -7.9158, 48.196 ], [ -7.765, 48.228 ], [ -7.6077, 48.2394 ], [ -7.45, 48.23 ], [ -7.2983, 48.2 ], [ -7.1586, 48.1506 ], [ -7.0362, 48.0837 ], [ -6.9359, 48.0021 ], [ -6.8616, 47.9089 ], [ -6.816, 47.8077 ], [ -6.8007, 47.7024 ] ] ]
    },
    "properties" : { }
  }, {
    "type" : "Feature",
    "geometry" : {
      "type" : "Polygon",
      "coordinates" : [ [ [ -8.1298, 45.7114 ], [ -8.1421, 45.6059 ], [ -8.1834, 45.5042 ], [ -8.252, 45.41 ], [ -8.3451, 45.327 ], [ -8.4591, 45.2583 ], [ -8.5896, 45.2065 ], [ -8.7317, 45.1734 ], [ -8.8802, 45.1604 ], [ -9.0293, 45.168 ], [ -9.1737, 45.1958 ], [ -9.3078, 45.2428 ], [ -9.4266, 45.3073 ], [ -9.5256, 45.3868 ], [ -9.601, 45.4783 ], [ -9.6497, 45.5785 ], [ -9.6698, 45.6833 ], [ -9.6604, 45.7889 ], [ -9.6216, 45.8912 ], [ -9.5548, 45.9862 ], [ -9.4624, 46.0702 ], [ -9.348, 46.14 ], [ -9.216, 46.1927 ], [ -9.0715, 46.2263 ], [ -8.9202, 46.2396 ], [ -8.7682, 46.2319 ], [ -8.6213, 46.2035 ], [ -8.4854, 46.1557 ], [ -8.3659, 46.0902 ], [ -8.2673, 46.0097 ], [ -8.1935, 45.9173 ], [ -8.1471, 45.8165 ], [ -8.1298, 45.7114 ] ] ]
    },
    "properties" : { }
  }, {
    "type" : "Feature",
    "geometry" : {
      "type" : "Polygon",
      "coordinates" : [ [ [ -4.7899, 44.4668 ], [ -4.8671, 44.4737 ], [ -5.0074, 44.5068 ], [ -5.1363, 44.5588 ], [ -5.2487, 44.6276 ], [ -5.3405, 44.7107 ], [ -5.408, 44.8049 ], [ -5.4486, 44.9067 ], [ -5.4606, 45.0121 ], [ -5.4433, 45.1172 ], [ -5.3973, 45.2179 ], [ -5.3242, 45.3102 ], [ -5.2267, 45.3907 ], [ -5.1085, 45.456 ], [ -4.9743, 45.5037 ], [ -4.8292, 45.5319 ], [ -4.679, 45.5395 ], [ -4.5297, 45.5261 ], [ -4.3871, 45.4924 ], [ -4.2568, 45.4395 ], [ -4.144, 45.3697 ], [ -4.1039, 45.3328 ], [ -4.0256, 45.3253 ], [ -3.8838, 45.2909 ], [ -3.7545, 45.2375 ], [ -3.6427, 45.1672 ], [ -3.5527, 45.0827 ], [ -3.488, 44.9874 ], [ -3.4509, 44.8849 ], [ -3.4428, 44.7793 ], [ -3.4636, 44.6745 ], [ -3.5127, 44.5747 ], [ -3.5878, 44.4836 ], [ -3.686, 44.4046 ], [ -3.8036, 44.3408 ], [ -3.936, 44.2945 ], [ -4.0784, 44.2675 ], [ -4.2252, 44.2607 ], [ -4.3712, 44.2745 ], [ -4.5107, 44.3083 ], [ -4.6386, 44.3608 ], [ -4.75, 44.4301 ], [ -4.7899, 44.4668 ] ] ]
    },
    "properties" : { }
  }, {
    "type" : "Feature",
    "geometry" : {
      "type" : "Polygon",
      "coordinates" : [ [ [ -5.5983, 47.2481 ], [ -5.6403, 47.3035 ], [ -5.6832, 47.4052 ], [ -5.6962, 47.5106 ], [ -5.6786, 47.6157 ], [ -5.6309, 47.7165 ], [ -5.5547, 47.8089 ], [ -5.453, 47.8895 ], [ -5.3295, 47.9551 ], [ -5.1891, 48.0031 ], [ -5.0373, 48.0315 ], [ -4.8801, 48.0394 ], [ -4.7236, 48.0263 ], [ -4.5742, 47.9928 ], [ -4.4376, 47.9401 ], [ -4.3192, 47.8705 ], [ -4.2235, 47.7866 ], [ -4.1543, 47.6917 ], [ -4.1141, 47.5895 ], [ -4.1042, 47.4839 ], [ -4.1249, 47.3791 ], [ -4.1751, 47.279 ], [ -4.2017, 47.2477 ], [ -4.1613, 47.1918 ], [ -4.1587, 47.1852 ], [ -4.0412, 47.1387 ], [ -3.9251, 47.0687 ], [ -3.8315, 46.9844 ], [ -3.764, 46.8892 ], [ -3.7251, 46.7868 ], [ -3.7161, 46.6812 ], [ -3.7372, 46.5764 ], [ -3.7874, 46.4764 ], [ -3.8647, 46.3851 ], [ -3.9659, 46.3059 ], [ -4.0873, 46.2417 ], [ -4.2241, 46.1951 ], [ -4.3712, 46.1676 ], [ -4.5232, 46.1605 ], [ -4.6742, 46.1739 ], [ -4.8188, 46.2073 ], [ -4.9514, 46.2595 ], [ -5.0671, 46.3285 ], [ -5.1615, 46.4117 ], [ -5.2308, 46.5061 ], [ -5.2335, 46.5126 ], [ -5.3507, 46.5579 ], [ -5.4675, 46.6265 ], [ -5.563, 46.7094 ], [ -5.6334, 46.8035 ], [ -5.6759, 46.9052 ], [ -5.6888, 47.0107 ], [ -5.6713, 47.1158 ], [ -5.6241, 47.2165 ], [ -5.5983, 47.2481 ] ] ]
    },
    "properties" : { }
  }, {
    "type" : "Feature",
    "geometry" : {
      "type" : "Polygon",
      "coordinates" : [ [ [ -4.7593, 48.6857 ], [ -4.7929, 48.7143 ], [ -4.8646, 48.8087 ], [ -4.9073, 48.9106 ], [ -4.9191, 49.016 ], [ -4.8994, 49.1209 ], [ -4.8487, 49.2212 ], [ -4.769, 49.313 ], [ -4.663, 49.3929 ], [ -4.535, 49.4575 ], [ -4.3897, 49.5045 ], [ -4.2331, 49.5318 ], [ -4.0711, 49.5386 ], [ -3.9103, 49.5244 ], [ -3.757, 49.4899 ], [ -3.6173, 49.4364 ], [ -3.4965, 49.3661 ], [ -3.3995, 49.2816 ], [ -3.3298, 49.1863 ], [ -3.29, 49.0839 ], [ -3.2863, 49.0378 ], [ -3.2631, 49.0386 ], [ -3.104, 49.0234 ], [ -2.9528, 48.9878 ], [ -2.8152, 48.9334 ], [ -2.6968, 48.8622 ], [ -2.602, 48.777 ], [ -2.5344, 48.6812 ], [ -2.4966, 48.5786 ], [ -2.4898, 48.4729 ], [ -2.514, 48.3685 ], [ -2.5683, 48.2691 ], [ -2.6503, 48.1787 ], [ -2.7568, 48.1006 ], [ -2.8837, 48.0378 ], [ -3.0262, 47.9926 ], [ -3.1789, 47.9667 ], [ -3.3362, 47.9612 ], [ -3.4921, 47.9761 ], [ -3.6408, 48.011 ], [ -3.653, 48.0158 ], [ -3.7195, 47.9942 ], [ -3.8719, 47.9675 ], [ -4.029, 47.961 ], [ -4.1851, 47.975 ], [ -4.3343, 48.009 ], [ -4.471, 48.0617 ], [ -4.59, 48.1312 ], [ -4.6868, 48.2148 ], [ -4.7577, 48.3093 ], [ -4.7997, 48.4113 ], [ -4.8112, 48.5167 ], [ -4.7915, 48.6216 ], [ -4.7593, 48.6857 ] ] ]
    },
    "properties" : { }
  }, {
    "type" : "Feature",
    "geometry" : {
      "type" : "Polygon",
      "coordinates" : [ [ [ -8.2489, 44.3121 ], [ -8.2607, 44.2067 ], [ -8.3008, 44.105 ], [ -8.3674, 44.0108 ], [ -8.4581, 43.9277 ], [ -8.5691, 43.859 ], [ -8.6963, 43.807 ], [ -8.8349, 43.7739 ], [ -8.9797, 43.7608 ], [ -9.1252, 43.7682 ], [ -9.2661, 43.7958 ], [ -9.397, 43.8427 ], [ -9.513, 43.9071 ], [ -9.6096, 43.9865 ], [ -9.6833, 44.0779 ], [ -9.731, 44.1779 ], [ -9.7508, 44.2827 ], [ -9.7417, 44.3883 ], [ -9.704, 44.4905 ], [ -9.639, 44.5856 ], [ -9.5491, 44.6696 ], [ -9.4377, 44.7394 ], [ -9.309, 44.7923 ], [ -9.1682, 44.826 ], [ -9.0207, 44.8394 ], [ -8.8724, 44.8318 ], [ -8.7291, 44.8036 ], [ -8.5966, 44.7559 ], [ -8.4799, 44.6906 ], [ -8.3836, 44.6102 ], [ -8.3114, 44.5178 ], [ -8.2659, 44.4172 ], [ -8.2489, 44.3121 ] ] ]
    },
    "properties" : { }
  } ]
}