{
  "type": "FeatureCollection",
  "features": [
    {
      "type": "Feature",
      "properties": {},
      "geometry": {
        "type": "Polygon",
        "coordinates": [
          [[-7.8,
            47.3],
            [
              -7.2,
              47.6
            ],
            [-6.2,
              47.6],
            [
              -5.8,
              47.3
            ],
            [-7.8,
              47.3]
          ]
        ]
      }
    }
  ]
}
