{
  "type": "FeatureCollection",
  "features": [
    {
      "type": "Feature",
      "properties": {},
      "geometry": {
        "type": "LineString",
        "coordinates": [
          [
            -7.4,
            47.5
          ],
          [
            -5.7,
            48.0
          ]
        ]
      }
    },
    {
      "type": "Feature",
      "properties": {},
      "geometry": {
        "type": "Polygon",
        "coordinates": [
          [
            [
              -6.1,
              47.2
            ],
            [
              -5.0,
              46.8
            ],
            [
              -5.2,
              46.6
            ],
            [
              -5.8,
              46.8
            ],

            [
              -6.1,
              47.2
            ]
          ]
        ]
      }
    }
  ]
}
