{
  "type" : "FeatureCollection",
  "features" : [ {
    "type" : "Feature",
    "geometry" : {
      "type" : "Polygon",
      "coordinates" : [ [ [ -6.9477, 46.9381 ], [ -7.0181, 46.9168 ], [ -7.1915, 46.8774 ], [ -7.3726, 46.8616 ], [ -7.5547, 46.8701 ], [ -7.7311, 46.9026 ], [ -7.8952, 46.9577 ], [ -8.0408, 47.0335 ], [ -8.1624, 47.1272 ], [ -8.2554, 47.2352 ], [ -8.3159, 47.3534 ], [ -8.3416, 47.4774 ], [ -8.3311, 47.6023 ], [ -8.2846, 47.7235 ], [ -8.2037, 47.8362 ], [ -8.0914, 47.936 ], [ -7.9518, 48.019 ], [ -7.7904, 48.0818 ], [ -6.075, 48.5873 ], [ -5.895, 48.625 ], [ -5.7073, 48.6384 ], [ -5.5194, 48.6269 ], [ -5.3386, 48.5911 ], [ -5.1721, 48.5323 ], [ -5.0266, 48.4529 ], [ -4.9076, 48.3561 ], [ -4.8197, 48.2455 ], [ -4.7661, 48.1256 ], [ -4.7486, 48.001 ], [ -4.7677, 47.8765 ], [ -4.8224, 47.7568 ], [ -4.9103, 47.6466 ], [ -5.028, 47.55 ], [ -5.0429, 47.5417 ], [ -4.553, 47.3609 ], [ -4.4011, 47.2902 ], [ -4.2729, 47.2005 ], [ -4.1732, 47.0954 ], [ -4.1057, 46.979 ], [ -4.073, 46.8558 ], [ -4.0761, 46.7306 ], [ -4.1145, 46.6083 ], [ -4.1865, 46.4934 ], [ -4.2893, 46.3903 ], [ -4.3559, 46.3454 ], [ -4.3721, 46.3163 ], [ -4.4684, 46.2104 ], [ -4.5923, 46.1195 ], [ -4.739, 46.047 ], [ -4.9028, 45.9955 ], [ -5.0776, 45.967 ], [ -5.257, 45.9626 ], [ -5.4343, 45.9824 ], [ -5.6029, 46.0256 ], [ -6.198, 46.2235 ], [ -6.3529, 46.2878 ], [ -6.4871, 46.3716 ], [ -6.5955, 46.4719 ], [ -6.6739, 46.5848 ], [ -6.7191, 46.7061 ], [ -6.7208, 46.7267 ], [ -6.8132, 46.788 ], [ -6.9175, 46.8907 ], [ -6.9477, 46.9381 ] ] ]
    },
    "properties" : { }
  } ]
}