{
  "type" : "FeatureCollection",
  "features" : [ {
    "type" : "Feature",
    "geometry" : {
      "type" : "Polygon",
      "coordinates" : [ [ [ -7.9187, 47.8314 ], [ -7.8694, 47.8956 ], [ -7.7712, 47.9782 ], [ -7.6505, 48.0463 ], [ -7.5121, 48.0971 ], [ -7.3613, 48.1286 ], [ -7.2041, 48.1396 ], [ -7.0468, 48.1297 ], [ -6.8956, 48.0992 ], [ -6.7564, 48.0494 ], [ -6.6346, 47.9821 ], [ -6.5351, 47.9002 ], [ -6.4615, 47.8067 ], [ -6.4167, 47.7053 ], [ -6.4021, 47.6 ], [ -6.4182, 47.4948 ], [ -6.4642, 47.3937 ], [ -6.5381, 47.3006 ], [ -6.637, 47.219 ], [ -6.7571, 47.152 ], [ -6.8938, 47.1021 ], [ -7.0419, 47.0711 ], [ -7.089, 47.0679 ], [ -7.1384, 47.004 ], [ -7.2359, 46.9219 ], [ -7.3545, 46.8543 ], [ -7.4899, 46.8037 ], [ -7.6369, 46.772 ], [ -7.7899, 46.7604 ], [ -7.9433, 46.7693 ], [ -8.0914, 46.7984 ], [ -8.2286, 46.8466 ], [ -8.3497, 46.9122 ], [ -8.4501, 46.9926 ], [ -8.526, 47.0848 ], [ -8.5744, 47.1853 ], [ -8.5931, 47.2903 ], [ -8.5815, 47.3958 ], [ -8.5396, 47.4977 ], [ -8.469, 47.5921 ], [ -8.3722, 47.6752 ], [ -8.253, 47.7439 ], [ -8.116, 47.7954 ], [ -7.9664, 47.8278 ], [ -7.9187, 47.8314 ] ] ]
    },
    "properties" : { }
  }, {
    "type" : "Feature",
    "geometry" : {
      "type" : "Polygon",
      "coordinates" : [ [ [ -6.5416, 47.1149 ], [ -6.6446, 47.1527 ], [ -6.7644, 47.22 ], [ -6.863, 47.3017 ], [ -6.9366, 47.395 ], [ -6.9822, 47.4961 ], [ -6.9979, 47.6014 ], [ -6.9829, 47.7067 ], [ -6.9377, 47.808 ], [ -6.8638, 47.9014 ], [ -6.7639, 47.9831 ], [ -6.6419, 48.0501 ], [ -6.5025, 48.0997 ], [ -6.3511, 48.1299 ], [ -6.1938, 48.1396 ], [ -6.0367, 48.1283 ], [ -5.886, 48.0965 ], [ -5.7478, 48.0455 ], [ -5.6274, 47.9772 ], [ -5.5294, 47.8944 ], [ -5.4577, 47.8003 ], [ -5.4503, 47.7828 ], [ -5.347, 47.7439 ], [ -5.2278, 47.6752 ], [ -5.131, 47.5921 ], [ -5.0604, 47.4977 ], [ -5.0185, 47.3958 ], [ -5.0069, 47.2903 ], [ -5.0256, 47.1853 ], [ -5.074, 47.0848 ], [ -5.1499, 46.9926 ], [ -5.2503, 46.9122 ], [ -5.3714, 46.8466 ], [ -5.5086, 46.7984 ], [ -5.6567, 46.7693 ], [ -5.8101, 46.7604 ], [ -5.9631, 46.772 ], [ -6.1101, 46.8037 ], [ -6.2455, 46.8543 ], [ -6.3641, 46.9219 ], [ -6.4616, 47.004 ], [ -6.534, 47.0975 ], [ -6.5416, 47.1149 ] ] ]
    },
    "properties" : { }
  } ]
}