{
  "type" : "FeatureCollection",
  "features" : [ {
    "type" : "Feature",
    "geometry" : {
      "type" : "Polygon",
      "coordinates" : [ [ [ -7.9189, 47.8316 ], [ -7.8655, 47.8996 ], [ -7.7661, 47.9817 ], [ -7.6445, 48.049 ], [ -7.5054, 48.0989 ], [ -7.3542, 48.1295 ], [ -7.1969, 48.1396 ], [ -7.0397, 48.1287 ], [ -6.8889, 48.0973 ], [ -6.7504, 48.0466 ], [ -6.6295, 47.9787 ], [ -6.5311, 47.8961 ], [ -6.4588, 47.8022 ], [ -6.4154, 47.7006 ], [ -6.4022, 47.5952 ], [ -6.4197, 47.49 ], [ -6.467, 47.3892 ], [ -6.5421, 47.2966 ], [ -6.6421, 47.2156 ], [ -6.763, 47.1493 ], [ -6.9004, 47.1002 ], [ -7.0489, 47.0702 ], [ -7.0889, 47.0677 ], [ -7.1424, 47 ], [ -7.2409, 46.9185 ], [ -7.3604, 46.8516 ], [ -7.4964, 46.8018 ], [ -7.6438, 46.771 ], [ -7.797, 46.7603 ], [ -7.9503, 46.7702 ], [ -8.098, 46.8002 ], [ -8.2345, 46.8493 ], [ -8.3548, 46.9156 ], [ -8.4542, 46.9966 ], [ -8.5289, 47.0892 ], [ -8.5759, 47.19 ], [ -8.5933, 47.2952 ], [ -8.5802, 47.4006 ], [ -8.5369, 47.5022 ], [ -8.4651, 47.5962 ], [ -8.3672, 47.6787 ], [ -8.2471, 47.7467 ], [ -8.1093, 47.7974 ], [ -7.9594, 47.8288 ], [ -7.9189, 47.8316 ] ] ]
    },
    "properties" : { }
  } ]
}