{
  "type" : "FeatureCollection",
  "features" : [ {
    "type" : "Feature",
    "geometry" : {
      "type" : "Polygon",
      "coordinates" : [ [ [ -4.3572, 46.3536 ], [ -4.3721, 46.3163 ], [ -4.5923, 46.1195 ], [ -4.9028, 45.9955 ], [ -5.257, 45.9626 ], [ -5.6029, 46.0256 ], [ -6.198, 46.2235 ], [ -6.4871, 46.3716 ], [ -6.6739, 46.5848 ], [ -6.7064, 46.7299 ], [ -6.8132, 46.788 ], [ -6.9381, 46.9411 ], [ -7.0181, 46.9168 ], [ -7.3726, 46.8616 ], [ -7.7311, 46.9026 ], [ -8.0408, 47.0335 ], [ -8.2554, 47.2352 ], [ -8.3416, 47.4774 ], [ -8.2846, 47.7235 ], [ -8.0914, 47.936 ], [ -7.7904, 48.0818 ], [ -6.075, 48.5873 ], [ -5.7073, 48.6384 ], [ -5.3386, 48.5911 ], [ -5.0266, 48.4529 ], [ -4.8197, 48.2455 ], [ -4.7486, 48.001 ], [ -4.8224, 47.7568 ], [ -5.028, 47.55 ], [ -5.0448, 47.5424 ], [ -4.553, 47.3609 ], [ -4.2729, 47.2005 ], [ -4.1057, 46.979 ], [ -4.0761, 46.7306 ], [ -4.1865, 46.4934 ], [ -4.3572, 46.3536 ] ] ]
    },
    "properties" : { }
  } ]
}