{
  "type" : "FeatureCollection",
  "features" : [ {
    "type" : "Feature",
    "geometry" : {
      "type" : "Polygon",
      "coordinates" : [ [ [ -5.8574, 48.2483 ], [ -5.7031, 48.2698 ], [ -5.5483, 48.2499 ], [ -5.4169, 48.1919 ], [ -5.3291, 48.1045 ], [ -5.298, 48.0014 ], [ -5.3282, 47.8981 ], [ -5.4146, 47.8103 ], [ -5.5441, 47.7514 ], [ -7.2376, 47.2537 ], [ -7.3883, 47.2303 ], [ -7.5408, 47.2477 ], [ -7.6721, 47.3033 ], [ -7.7625, 47.3889 ], [ -7.7979, 47.4914 ], [ -7.7729, 47.5953 ], [ -7.6907, 47.6847 ], [ -7.5639, 47.746 ], [ -5.8574, 48.2483 ] ] ]
    },
    "properties" : { }
  }, {
    "type" : "Feature",
    "geometry" : {
      "type" : "Polygon",
      "coordinates" : [ [ [ -4.8151, 46.5679 ], [ -4.8491, 46.4809 ], [ -4.9419, 46.3974 ], [ -5.0736, 46.3447 ], [ -5.2243, 46.3307 ], [ -5.3713, 46.3575 ], [ -5.9692, 46.5566 ], [ -6.0916, 46.6195 ], [ -6.1701, 46.7099 ], [ -6.1925, 46.8141 ], [ -6.1554, 46.9153 ], [ -6.2825, 46.9607 ], [ -6.4027, 47.0265 ], [ -6.4772, 47.1186 ], [ -6.4945, 47.2232 ], [ -6.4517, 47.3244 ], [ -6.355, 47.4067 ], [ -6.2191, 47.4574 ], [ -6.0647, 47.4688 ], [ -5.9158, 47.439 ], [ -4.8123, 47.0372 ], [ -4.6941, 46.9698 ], [ -4.6229, 46.8765 ], [ -4.6093, 46.7716 ], [ -4.6551, 46.6711 ], [ -4.7531, 46.5903 ], [ -4.8151, 46.5679 ] ] ]
    },
    "properties" : { }
  } ]
}