{
  "type" : "FeatureCollection",
  "features" : [ {
    "type" : "Feature",
    "geometry" : {
      "type" : "Polygon",
      "coordinates" : [ [ [ -7.0875, 47.0754 ], [ -7.2359, 46.9219 ], [ -7.4899, 46.8037 ], [ -7.7899, 46.7604 ], [ -8.0914, 46.7984 ], [ -8.3497, 46.9122 ], [ -8.526, 47.0848 ], [ -8.5931, 47.2903 ], [ -8.5396, 47.4977 ], [ -8.3722, 47.6752 ], [ -8.116, 47.7954 ], [ -7.9201, 47.8238 ], [ -7.7712, 47.9782 ], [ -7.5121, 48.0971 ], [ -7.2041, 48.1396 ], [ -6.8956, 48.0992 ], [ -6.6346, 47.9821 ], [ -6.4615, 47.8067 ], [ -6.4021, 47.6 ], [ -6.4642, 47.3937 ], [ -6.637, 47.219 ], [ -6.8938, 47.1021 ], [ -7.0875, 47.0754 ] ] ]
    },
    "properties" : { }
  }, {
    "type" : "Feature",
    "geometry" : {
      "type" : "Polygon",
      "coordinates" : [ [ [ -5.0069, 47.2903 ], [ -5.074, 47.0848 ], [ -5.2503, 46.9122 ], [ -5.5086, 46.7984 ], [ -5.8101, 46.7604 ], [ -6.1101, 46.8037 ], [ -6.3641, 46.9219 ], [ -6.534, 47.0975 ], [ -6.5396, 47.1171 ], [ -6.7644, 47.22 ], [ -6.9366, 47.395 ], [ -6.9979, 47.6014 ], [ -6.9377, 47.808 ], [ -6.7639, 47.9831 ], [ -6.5025, 48.0997 ], [ -6.1938, 48.1396 ], [ -5.886, 48.0965 ], [ -5.6274, 47.9772 ], [ -5.4577, 47.8003 ], [ -5.4524, 47.7807 ], [ -5.2278, 47.6752 ], [ -5.0604, 47.4977 ], [ -5.0069, 47.2903 ] ] ]
    },
    "properties" : { }
  } ]
}