{
  "type" : "FeatureCollection",
  "features" : [ {
    "type" : "Feature",
    "geometry" : {
      "type" : "Polygon",
      "coordinates" : [ [ [ -6.9318, 46.9169 ], [ -7.0496, 46.7953 ], [ -7.3878, 46.638 ], [ -7.7866, 46.5805 ], [ -8.1873, 46.631 ], [ -8.5311, 46.7823 ], [ -8.7667, 47.012 ], [ -8.8575, 47.2859 ], [ -8.7873, 47.5626 ], [ -8.5648, 47.7997 ], [ -8.2226, 47.9604 ], [ -8.0815, 47.981 ], [ -7.9634, 48.1036 ], [ -7.6174, 48.2625 ], [ -7.2055, 48.3194 ], [ -6.7928, 48.2654 ], [ -6.6998, 48.2238 ], [ -6.6046, 48.2661 ], [ -6.1917, 48.3194 ], [ -5.78, 48.2618 ], [ -5.4347, 48.1023 ], [ -5.2357, 47.8941 ], [ -5.0352, 47.7997 ], [ -4.8127, 47.5626 ], [ -4.7425, 47.2859 ], [ -4.8333, 47.012 ], [ -5.0689, 46.7823 ], [ -5.4127, 46.631 ], [ -5.8134, 46.5805 ], [ -6.2122, 46.638 ], [ -6.5504, 46.7953 ], [ -6.7194, 46.9695 ], [ -6.793, 46.9359 ], [ -6.9318, 46.9169 ] ] ]
    },
    "properties" : { }
  } ]
}