{
  "type" : "FeatureCollection",
  "features" : [ {
    "type" : "Feature",
    "geometry" : {
      "type" : "Polygon",
      "coordinates" : [ [ [ -4.1988, 46.7533 ], [ -3.9946, 46.7524 ], [ -3.8067, 46.6975 ], [ -3.6642, 46.5972 ], [ -3.5886, 46.4668 ], [ -3.5912, 46.3264 ], [ -3.671, 46.1974 ], [ -3.8154, 46.0992 ], [ -4.0024, 46.0466 ], [ -6.0897, 45.7485 ], [ -6.2903, 45.7457 ], [ -6.4773, 45.7965 ], [ -6.6228, 45.8934 ], [ -6.7045, 46.0217 ], [ -6.7098, 46.1621 ], [ -6.6372, 46.2931 ], [ -6.4974, 46.3948 ], [ -6.3117, 46.4514 ], [ -4.1988, 46.7533 ] ] ]
    },
    "properties" : { }
  }, {
    "type" : "Feature",
    "geometry" : {
      "type" : "Polygon",
      "coordinates" : [ [ [ -7.1923, 44.1071 ], [ -7.114, 43.9785 ], [ -7.11, 43.8382 ], [ -7.1804, 43.7074 ], [ -7.314, 43.6059 ], [ -7.4906, 43.549 ], [ -7.6835, 43.5453 ], [ -7.8639, 43.5953 ], [ -8.0048, 43.6914 ], [ -9.0082, 44.6877 ], [ -9.0917, 44.8149 ], [ -9.1006, 44.9552 ], [ -9.0332, 45.0872 ], [ -8.8991, 45.1908 ], [ -8.7189, 45.2499 ], [ -8.5202, 45.2554 ], [ -8.3339, 45.2065 ], [ -8.3033, 45.1863 ], [ -8.2934, 45.1937 ], [ -8.112, 45.251 ], [ -3.7861, 45.8548 ], [ -3.5852, 45.8508 ], [ -3.4022, 45.7931 ], [ -3.2651, 45.6906 ], [ -3.1949, 45.5591 ], [ -3.2018, 45.4187 ], [ -3.2842, 45.2909 ], [ -3.4293, 45.1949 ], [ -3.615, 45.1451 ], [ -7.6614, 44.5851 ], [ -7.1923, 44.1071 ] ] ]
    },
    "properties" : { }
  }, {
    "type" : "Feature",
    "geometry" : {
      "type" : "Polygon",
      "coordinates" : [ [ [ -5.5717, 48.1562 ], [ -5.3625, 48.1474 ], [ -5.1747, 48.0854 ], [ -5.0371, 47.9797 ], [ -4.9707, 47.8468 ], [ -4.9851, 47.7068 ], [ -5.0775, 47.5812 ], [ -5.2334, 47.4888 ], [ -5.4293, 47.4436 ], [ -8.3108, 47.1455 ], [ -8.5164, 47.1492 ], [ -8.7047, 47.206 ], [ -8.8472, 47.3073 ], [ -8.9224, 47.438 ], [ -8.9183, 47.5783 ], [ -8.8349, 47.7068 ], [ -8.6847, 47.8038 ], [ -8.4904, 47.8543 ], [ -5.5717, 48.1562 ] ] ]
    },
    "properties" : { }
  }, {
    "type" : "Feature",
    "geometry" : {
      "type" : "Polygon",
      "coordinates" : [ [ [ -3.1908, 47.2543 ], [ -2.9847, 47.251 ], [ -2.7966, 47.1939 ], [ -2.6553, 47.0919 ], [ -2.5824, 46.9607 ], [ -2.5886, 46.8204 ], [ -2.6723, 46.6923 ], [ -2.8204, 46.5959 ], [ -3.0104, 46.5456 ], [ -5.992, 46.148 ], [ -6.194, 46.1461 ], [ -6.3819, 46.1978 ], [ -6.5276, 46.2952 ], [ -6.5333, 46.3042 ], [ -7.365, 46.1525 ], [ -7.5665, 46.1431 ], [ -7.7581, 46.1877 ], [ -7.9111, 46.2796 ], [ -8.0021, 46.4051 ], [ -8.0171, 46.5451 ], [ -7.9532, 46.6784 ], [ -7.8197, 46.7845 ], [ -7.6367, 46.8472 ], [ -4.7194, 47.3503 ], [ -4.513, 47.3547 ], [ -4.3202, 47.3048 ], [ -4.1705, 47.2083 ], [ -4.1251, 47.1386 ], [ -3.1908, 47.2543 ] ] ]
    },
    "properties" : { }
  }, {
    "type" : "Feature",
    "geometry" : {
      "type" : "Polygon",
      "coordinates" : [ [ [ -4.0809, 47.9553 ], [ -3.8723, 47.9491 ], [ -3.6835, 47.8893 ], [ -3.5437, 47.7853 ], [ -3.474, 47.6532 ], [ -3.4846, 47.5131 ], [ -3.5733, 47.3863 ], [ -3.7262, 47.2921 ], [ -3.9202, 47.2445 ], [ -8.6903, 46.6482 ], [ -8.8941, 46.6461 ], [ -9.0838, 46.6975 ], [ -9.231, 46.7948 ], [ -9.3133, 46.9233 ], [ -9.3178, 47.0636 ], [ -9.2432, 47.1944 ], [ -9.1004, 47.2956 ], [ -8.9112, 47.3516 ], [ -4.0809, 47.9553 ] ] ]
    },
    "properties" : { }
  }, {
    "type" : "Feature",
    "geometry" : {
      "type" : "Polygon",
      "coordinates" : [ [ [ -3.6508, 43.4451 ], [ -3.8112, 43.3675 ], [ -3.9999, 43.3402 ], [ -4.1886, 43.3674 ], [ -4.3491, 43.445 ], [ -4.4571, 43.5613 ], [ -4.4959, 43.6988 ], [ -4.4593, 43.8367 ], [ -4.3523, 43.9538 ], [ -2.5676, 45.2125 ], [ -2.3148, 46.4525 ], [ -2.247, 46.5848 ], [ -2.1105, 46.6891 ], [ -1.926, 46.7491 ], [ -1.722, 46.7557 ], [ -1.5301, 46.7079 ], [ -1.3799, 46.6129 ], [ -1.2944, 46.4855 ], [ -1.2862, 46.3452 ], [ -1.4513, 45.6087 ], [ -1.3276, 45.5465 ], [ -1.2224, 45.4272 ], [ -1.1903, 45.2886 ], [ -1.2358, 45.1519 ], [ -1.3515, 45.0378 ], [ -1.614, 44.8627 ], [ -1.9112, 43.448 ], [ -1.9761, 43.3158 ], [ -2.105, 43.2118 ], [ -2.2782, 43.1514 ], [ -2.4696, 43.1439 ], [ -2.6506, 43.1902 ], [ -2.794, 43.2835 ], [ -2.8781, 43.4097 ], [ -2.8897, 43.5499 ], [ -2.7939, 44.0545 ], [ -3.6508, 43.4451 ] ] ]
    },
    "properties" : { }
  } ]
}