{
  "type" : "FeatureCollection",
  "features" : [ {
    "type" : "Feature",
    "geometry" : {
      "type" : "Polygon",
      "coordinates" : [ [ [ -8.2406, 47.5096 ], [ -8.3431, 47.1222 ], [ -8.756, 46.6783 ], [ -9.378, 46.3736 ], [ -9.5246, 46.3499 ], [ -9.8698, 46.1771 ], [ -10.6053, 46.0523 ], [ -11.3543, 46.1278 ], [ -12.0101, 46.3929 ], [ -12.4769, 46.8097 ], [ -12.6817, 47.3172 ], [ -12.5863, 47.8395 ], [ -12.1971, 48.2965 ], [ -12.0146, 48.3901 ], [ -12.003, 48.4489 ], [ -11.6041, 48.9038 ], [ -10.9649, 49.22 ], [ -10.185, 49.3468 ], [ -9.3913, 49.2636 ], [ -8.713, 48.9838 ], [ -8.2573, 48.5526 ], [ -8.0906, 48.0384 ], [ -8.2301, 47.5206 ], [ -8.2406, 47.5096 ] ] ]
    },
    "properties" : { }
  }, {
    "type" : "Feature",
    "geometry" : {
      "type" : "Polygon",
      "coordinates" : [ [ [ -1.3272, 44.6755 ], [ -1.5024, 44.2135 ], [ -1.946, 43.7959 ], [ -2.571, 43.5296 ], [ -3.2857, 43.4528 ], [ -3.672, 43.5213 ], [ -4.2622, 43.4521 ], [ -4.9668, 43.5693 ], [ -5.3055, 43.7415 ], [ -5.4586, 43.7657 ], [ -6.0582, 44.0641 ], [ -6.4606, 44.5039 ], [ -6.6018, 45.0205 ], [ -6.4533, 45.5365 ], [ -6.0307, 45.972 ], [ -5.3952, 46.2581 ], [ -4.6468, 46.3488 ], [ -4.3033, 46.294 ], [ -3.6596, 46.5685 ], [ -2.9043, 46.6477 ], [ -2.1646, 46.5169 ], [ -1.5604, 46.1973 ], [ -1.1855, 45.7402 ], [ -1.093, 45.2178 ], [ -1.2895, 44.7102 ], [ -1.3272, 44.6755 ] ] ]
    },
    "properties" : { }
  }, {
    "type" : "Feature",
    "geometry" : {
      "type" : "Polygon",
      "coordinates" : [ [ [ -7.1217, 44.3207 ], [ -7.261, 43.8042 ], [ -7.6583, 43.3646 ], [ -8.2505, 43.0663 ], [ -8.95, 42.9523 ], [ -9.6565, 43.0388 ], [ -10.2692, 43.3134 ], [ -10.6981, 43.7368 ], [ -10.8758, 44.2472 ], [ -10.7689, 44.7679 ], [ -10.3864, 45.2189 ], [ -9.7828, 45.5292 ], [ -9.0525, 45.6486 ], [ -8.3136, 45.558 ], [ -7.6861, 45.2719 ], [ -7.2685, 44.8365 ], [ -7.1217, 44.3207 ] ] ]
    },
    "properties" : { }
  }, {
    "type" : "Feature",
    "geometry" : {
      "type" : "Polygon",
      "coordinates" : [ [ [ -6.2317, 44.6822 ], [ -6.4524, 44.4493 ], [ -7.0623, 44.1575 ], [ -7.7775, 44.0511 ], [ -8.4959, 44.1453 ], [ -8.9838, 44.3676 ], [ -9.0984, 44.3816 ], [ -9.3107, 44.2731 ], [ -10.0228, 44.152 ], [ -10.7458, 44.2315 ], [ -11.3767, 44.5001 ], [ -11.823, 44.9193 ], [ -12.0149, 45.428 ], [ -11.9164, 45.9499 ], [ -11.5351, 46.405 ], [ -10.925, 46.7214 ], [ -10.1811, 46.8482 ], [ -9.9219, 46.8203 ], [ -9.7008, 46.93 ], [ -9.5659, 46.9518 ], [ -9.5333, 47.0883 ], [ -9.4339, 47.1975 ], [ -9.5971, 47.6701 ], [ -9.5499, 47.865 ], [ -9.6457, 47.9545 ], [ -9.8274, 48.4664 ], [ -9.7629, 48.7334 ], [ -9.847, 48.9662 ], [ -9.7198, 49.4853 ], [ -9.2926, 49.9318 ], [ -8.6263, 50.2352 ], [ -7.8254, 50.3466 ], [ -7.0203, 50.2479 ], [ -6.9805, 50.231 ], [ -6.3046, 50.1435 ], [ -6.1657, 50.0827 ], [ -5.7575, 50.2537 ], [ -4.9506, 50.3463 ], [ -4.5591, 50.2895 ], [ -4.0266, 50.3459 ], [ -3.2301, 50.2225 ], [ -2.5752, 49.9092 ], [ -2.3843, 49.7 ], [ -1.7761, 49.3995 ], [ -1.3762, 48.9438 ], [ -1.2762, 48.422 ], [ -1.4828, 47.9143 ], [ -1.9572, 47.4966 ], [ -2.6252, 47.23 ], [ -2.7013, 47.2225 ], [ -2.6504, 47.1641 ], [ -2.5415, 46.643 ], [ -2.7296, 46.1328 ], [ -3.1792, 45.71 ], [ -3.8197, 45.4364 ], [ -4.3144, 45.3798 ], [ -4.6692, 45.0277 ], [ -5.2945, 44.7457 ], [ -6.0204, 44.6508 ], [ -6.2317, 44.6822 ] ] ]
    },
    "properties" : { }
  } ]
}