{
  "type" : "FeatureCollection",
  "features" : [ {
    "type" : "Feature",
    "geometry" : {
      "type" : "Polygon",
      "coordinates" : [ [ [ -7.0857, 47.0759 ], [ -7.2409, 46.9185 ], [ -7.4964, 46.8018 ], [ -7.797, 46.7603 ], [ -8.098, 46.8002 ], [ -8.3548, 46.9156 ], [ -8.5289, 47.0892 ], [ -8.5933, 47.2952 ], [ -8.5369, 47.5022 ], [ -8.3672, 47.6787 ], [ -8.1093, 47.7974 ], [ -7.9219, 47.8233 ], [ -7.7661, 47.9817 ], [ -7.5054, 48.0989 ], [ -7.1969, 48.1396 ], [ -6.8889, 48.0973 ], [ -6.6295, 47.9787 ], [ -6.4588, 47.8022 ], [ -6.4022, 47.5952 ], [ -6.467, 47.3892 ], [ -6.6421, 47.2156 ], [ -6.9004, 47.1002 ], [ -7.0857, 47.0759 ] ] ]
    },
    "properties" : { }
  } ]
}