{
  "type" : "FeatureCollection",
  "features" : [ {
    "type" : "Feature",
    "geometry" : {
      "type" : "Polygon",
      "coordinates" : [ [ [ -4.0809, 47.9553 ], [ -3.9761, 47.9591 ], [ -3.8723, 47.9491 ], [ -3.7735, 47.9255 ], [ -3.6835, 47.8893 ], [ -3.6059, 47.842 ], [ -3.5437, 47.7853 ], [ -3.4992, 47.7216 ], [ -3.474, 47.6532 ], [ -3.4691, 47.5828 ], [ -3.4846, 47.5131 ], [ -3.5198, 47.4467 ], [ -3.5733, 47.3863 ], [ -3.643, 47.3341 ], [ -3.7262, 47.2921 ], [ -3.8198, 47.2618 ], [ -3.9202, 47.2445 ], [ -8.6903, 46.6482 ], [ -8.792, 46.6403 ], [ -8.8941, 46.6461 ], [ -8.9926, 46.6654 ], [ -9.0838, 46.6975 ], [ -9.1643, 46.7412 ], [ -9.231, 46.7948 ], [ -9.2814, 46.8563 ], [ -9.3133, 46.9233 ], [ -9.3257, 46.9933 ], [ -9.3178, 47.0636 ], [ -9.29, 47.1315 ], [ -9.2432, 47.1944 ], [ -9.1791, 47.2498 ], [ -9.1004, 47.2956 ], [ -9.0099, 47.33 ], [ -8.9112, 47.3516 ], [ -4.0809, 47.9553 ] ] ]
    },
    "properties" : { }
  }, {
    "type" : "Feature",
    "geometry" : {
      "type" : "Polygon",
      "coordinates" : [ [ [ -5.5717, 48.1562 ], [ -5.4664, 48.1587 ], [ -5.3625, 48.1474 ], [ -5.264, 48.1226 ], [ -5.1747, 48.0854 ], [ -5.0981, 48.0371 ], [ -5.0371, 47.9797 ], [ -4.9942, 47.9155 ], [ -4.9707, 47.8468 ], [ -4.9677, 47.7763 ], [ -4.9851, 47.7068 ], [ -5.0222, 47.641 ], [ -5.0775, 47.5812 ], [ -5.1488, 47.5299 ], [ -5.2334, 47.4888 ], [ -5.3281, 47.4597 ], [ -5.4293, 47.4436 ], [ -8.3108, 47.1455 ], [ -8.4139, 47.1405 ], [ -8.5164, 47.1492 ], [ -8.6146, 47.1713 ], [ -8.7047, 47.206 ], [ -8.7832, 47.2519 ], [ -8.8472, 47.3073 ], [ -8.8942, 47.3702 ], [ -8.9224, 47.438 ], [ -8.9305, 47.5083 ], [ -8.9183, 47.5783 ], [ -8.886, 47.6453 ], [ -8.8349, 47.7068 ], [ -8.7669, 47.7603 ], [ -8.6847, 47.8038 ], [ -8.5913, 47.8355 ], [ -8.4904, 47.8543 ], [ -5.5717, 48.1562 ] ] ]
    },
    "properties" : { }
  }, {
    "type" : "Feature",
    "geometry" : {
      "type" : "Polygon",
      "coordinates" : [ [ [ -6.5347, 46.304 ], [ -7.365, 46.1525 ], [ -7.4651, 46.141 ], [ -7.5665, 46.1431 ], [ -7.6655, 46.1589 ], [ -7.7581, 46.1877 ], [ -7.8411, 46.2285 ], [ -7.9111, 46.2796 ], [ -7.9655, 46.3393 ], [ -8.0021, 46.4051 ], [ -8.0196, 46.4746 ], [ -8.0171, 46.5451 ], [ -7.9947, 46.6139 ], [ -7.9532, 46.6784 ], [ -7.8941, 46.736 ], [ -7.8197, 46.7845 ], [ -7.7328, 46.8221 ], [ -7.6367, 46.8472 ], [ -4.7194, 47.3503 ], [ -4.6166, 47.3595 ], [ -4.513, 47.3547 ], [ -4.4129, 47.3363 ], [ -4.3202, 47.3048 ], [ -4.2383, 47.2616 ], [ -4.1705, 47.2083 ], [ -4.1195, 47.147 ], [ -4.116, 47.1398 ], [ -3.1908, 47.2543 ], [ -3.0875, 47.2596 ], [ -2.9847, 47.251 ], [ -2.8865, 47.2288 ], [ -2.7966, 47.1939 ], [ -2.7185, 47.1476 ], [ -2.6553, 47.0919 ], [ -2.6094, 47.0287 ], [ -2.5824, 46.9607 ], [ -2.5754, 46.8903 ], [ -2.5886, 46.8204 ], [ -2.6213, 46.7535 ], [ -2.6723, 46.6923 ], [ -2.7395, 46.6391 ], [ -2.8204, 46.5959 ], [ -2.9118, 46.5643 ], [ -3.0104, 46.5456 ], [ -5.992, 46.148 ], [ -6.0929, 46.1402 ], [ -6.194, 46.1461 ], [ -6.2916, 46.1655 ], [ -6.3819, 46.1978 ], [ -6.4616, 46.2415 ], [ -6.5276, 46.2952 ], [ -6.5347, 46.304 ] ] ]
    },
    "properties" : { }
  }, {
    "type" : "Feature",
    "geometry" : {
      "type" : "Polygon",
      "coordinates" : [ [ [ -4.1988, 46.7533 ], [ -4.0967, 46.7598 ], [ -3.9946, 46.7524 ], [ -3.8967, 46.7313 ], [ -3.8067, 46.6975 ], [ -3.7282, 46.6522 ], [ -3.6642, 46.5972 ], [ -3.6171, 46.5346 ], [ -3.5886, 46.4668 ], [ -3.5799, 46.3965 ], [ -3.5912, 46.3264 ], [ -3.622, 46.2592 ], [ -3.671, 46.1974 ], [ -3.7363, 46.1434 ], [ -3.8154, 46.0992 ], [ -3.9052, 46.0665 ], [ -4.0024, 46.0466 ], [ -6.0897, 45.7485 ], [ -6.1898, 45.7402 ], [ -6.2903, 45.7457 ], [ -6.3873, 45.7647 ], [ -6.4773, 45.7965 ], [ -6.5568, 45.84 ], [ -6.6228, 45.8934 ], [ -6.6727, 45.9548 ], [ -6.7045, 46.0217 ], [ -6.7171, 46.0917 ], [ -6.7098, 46.1621 ], [ -6.6829, 46.2301 ], [ -6.6372, 46.2931 ], [ -6.5746, 46.3487 ], [ -6.4974, 46.3948 ], [ -6.4086, 46.4295 ], [ -6.3117, 46.4514 ], [ -4.1988, 46.7533 ] ] ]
    },
    "properties" : { }
  }, {
    "type" : "Feature",
    "geometry" : {
      "type" : "Polygon",
      "coordinates" : [ [ [ -3.652, 43.4442 ], [ -3.7273, 43.3998 ], [ -3.8128, 43.367 ], [ -3.9055, 43.3469 ], [ -4.0017, 43.3402 ], [ -4.0978, 43.3473 ], [ -4.1903, 43.3679 ], [ -4.2755, 43.4012 ], [ -4.3503, 43.4459 ], [ -4.4119, 43.5004 ], [ -4.4577, 43.5625 ], [ -4.4862, 43.6299 ], [ -4.4959, 43.7001 ], [ -4.4867, 43.7703 ], [ -4.4586, 43.8379 ], [ -4.4128, 43.9002 ], [ -4.351, 43.9547 ], [ -2.5615, 45.2079 ], [ -2.3151, 46.4511 ], [ -2.291, 46.5196 ], [ -2.248, 46.5836 ], [ -2.1876, 46.6406 ], [ -2.1121, 46.6882 ], [ -2.0244, 46.7248 ], [ -1.928, 46.7488 ], [ -1.8265, 46.7593 ], [ -1.724, 46.7559 ], [ -1.6245, 46.7388 ], [ -1.5318, 46.7086 ], [ -1.4497, 46.6664 ], [ -1.3811, 46.614 ], [ -1.3289, 46.5534 ], [ -1.2949, 46.4869 ], [ -1.2804, 46.4171 ], [ -1.2859, 46.3466 ], [ -1.4466, 45.6107 ], [ -1.4106, 45.5967 ], [ -1.3339, 45.5511 ], [ -1.2715, 45.4959 ], [ -1.2257, 45.4332 ], [ -1.1982, 45.3653 ], [ -1.1901, 45.295 ], [ -1.2016, 45.2249 ], [ -1.2322, 45.1577 ], [ -1.2806, 45.0961 ], [ -1.3449, 45.0422 ], [ -1.6073, 44.8609 ], [ -1.9114, 43.4467 ], [ -1.9353, 43.3784 ], [ -1.977, 43.3147 ], [ -2.0348, 43.2582 ], [ -2.1064, 43.211 ], [ -2.1891, 43.1748 ], [ -2.2798, 43.1511 ], [ -2.3751, 43.1407 ], [ -2.4713, 43.144 ], [ -2.5648, 43.161 ], [ -2.6521, 43.1908 ], [ -2.7298, 43.2325 ], [ -2.795, 43.2845 ], [ -2.8453, 43.3447 ], [ -2.8785, 43.411 ], [ -2.8934, 43.4806 ], [ -2.8894, 43.5511 ], [ -2.792, 44.0515 ], [ -3.652, 43.4442 ] ] ]
    },
    "properties" : { }
  }, {
    "type" : "Feature",
    "geometry" : {
      "type" : "Polygon",
      "coordinates" : [ [ [ -8.3012, 45.1889 ], [ -8.2934, 45.1937 ], [ -8.2068, 45.2287 ], [ -8.112, 45.251 ], [ -3.7861, 45.8548 ], [ -3.6854, 45.8597 ], [ -3.5852, 45.8508 ], [ -3.4896, 45.8283 ], [ -3.4022, 45.7931 ], [ -3.3264, 45.7466 ], [ -3.2651, 45.6906 ], [ -3.2207, 45.6272 ], [ -3.1949, 45.5591 ], [ -3.1885, 45.4886 ], [ -3.2018, 45.4187 ], [ -3.2341, 45.3519 ], [ -3.2842, 45.2909 ], [ -3.3502, 45.2379 ], [ -3.4293, 45.1949 ], [ -3.5187, 45.1636 ], [ -3.615, 45.1451 ], [ -7.6614, 44.5851 ], [ -7.1923, 44.1071 ], [ -7.1443, 44.0456 ], [ -7.114, 43.9785 ], [ -7.1025, 43.9085 ], [ -7.11, 43.8382 ], [ -7.1363, 43.7703 ], [ -7.1804, 43.7074 ], [ -7.2404, 43.6519 ], [ -7.314, 43.6059 ], [ -7.3985, 43.5712 ], [ -7.4906, 43.549 ], [ -7.5868, 43.5403 ], [ -7.6835, 43.5453 ], [ -7.7771, 43.5639 ], [ -7.8639, 43.5953 ], [ -7.9408, 43.6383 ], [ -8.0048, 43.6914 ], [ -9.0082, 44.6877 ], [ -9.0587, 44.7484 ], [ -9.0917, 44.8149 ], [ -9.1059, 44.8848 ], [ -9.1006, 44.9552 ], [ -9.0761, 45.0236 ], [ -9.0332, 45.0872 ], [ -8.9734, 45.1437 ], [ -8.8991, 45.1908 ], [ -8.8132, 45.2267 ], [ -8.7189, 45.2499 ], [ -8.62, 45.2596 ], [ -8.5202, 45.2554 ], [ -8.4236, 45.2375 ], [ -8.3339, 45.2065 ], [ -8.3012, 45.1889 ] ] ]
    },
    "properties" : { }
  } ]
}