{
  "type" : "FeatureCollection",
  "features" : [ {
    "type" : "Feature",
    "geometry" : {
      "type" : "Polygon",
      "coordinates" : [ [ [ -9.1904, 47.4664 ], [ -9.1958, 47.5115 ], [ -9.178, 47.6166 ], [ -9.13, 47.7172 ], [ -9.0536, 47.8095 ], [ -8.9518, 47.89 ], [ -8.8282, 47.9554 ], [ -8.6878, 48.0031 ], [ -8.536, 48.0314 ], [ -5.6078, 48.3343 ], [ -5.4495, 48.3381 ], [ -5.2931, 48.321 ], [ -5.1449, 48.2837 ], [ -5.0107, 48.2277 ], [ -4.8958, 48.1551 ], [ -4.8046, 48.0689 ], [ -4.7992, 48.0609 ], [ -4.1217, 48.133 ], [ -3.9641, 48.1387 ], [ -3.8078, 48.1235 ], [ -3.6592, 48.088 ], [ -3.524, 48.0336 ], [ -3.4076, 47.9625 ], [ -3.3144, 47.8773 ], [ -3.2479, 47.7816 ], [ -3.2106, 47.6789 ], [ -3.2038, 47.5733 ], [ -3.2275, 47.4688 ], [ -3.2483, 47.43 ], [ -3.2366, 47.4314 ], [ -3.0812, 47.4393 ], [ -2.9265, 47.4264 ], [ -2.7787, 47.393 ], [ -2.6436, 47.3405 ], [ -2.5264, 47.271 ], [ -2.4318, 47.1872 ], [ -2.3632, 47.0923 ], [ -2.3232, 46.9901 ], [ -2.3132, 46.8846 ], [ -2.3334, 46.7797 ], [ -2.3829, 46.6795 ], [ -2.4596, 46.5879 ], [ -2.5605, 46.5082 ], [ -2.6817, 46.4436 ], [ -2.8186, 46.3963 ], [ -2.966, 46.3683 ], [ -3.3315, 46.324 ], [ -3.3374, 46.2888 ], [ -3.3839, 46.188 ], [ -3.4576, 46.0955 ], [ -3.5557, 46.0146 ], [ -3.6742, 45.9485 ], [ -3.8087, 45.8996 ], [ -3.9541, 45.8698 ], [ -6.0351, 45.5726 ], [ -6.1848, 45.5603 ], [ -6.335, 45.5685 ], [ -6.4801, 45.5969 ], [ -6.6148, 45.6446 ], [ -6.7339, 45.7096 ], [ -6.833, 45.7895 ], [ -6.9081, 45.8814 ], [ -6.9563, 45.9817 ], [ -6.967, 46.0399 ], [ -7.2981, 45.9787 ], [ -7.4478, 45.9615 ], [ -7.5995, 45.9647 ], [ -7.7474, 45.9883 ], [ -7.8861, 46.0314 ], [ -8.0104, 46.0923 ], [ -8.1154, 46.1689 ], [ -8.1972, 46.2582 ], [ -8.2526, 46.3568 ], [ -8.2792, 46.461 ], [ -8.2773, 46.5244 ], [ -8.6359, 46.4723 ], [ -8.7881, 46.4604 ], [ -8.9407, 46.4691 ], [ -9.088, 46.498 ], [ -9.2246, 46.546 ], [ -9.3452, 46.6114 ], [ -9.4454, 46.6916 ], [ -9.5211, 46.7837 ], [ -9.5695, 46.8841 ], [ -9.5884, 46.9891 ], [ -9.5771, 47.0946 ], [ -9.5358, 47.1965 ], [ -9.4659, 47.291 ], [ -9.37, 47.3742 ], [ -9.2518, 47.4431 ], [ -9.1904, 47.4664 ] ] ]
    },
    "properties" : { }
  }, {
    "type" : "Feature",
    "geometry" : {
      "type" : "Polygon",
      "coordinates" : [ [ [ -8.3023, 45.395 ], [ -8.1685, 45.4265 ], [ -3.8296, 46.0322 ], [ -3.678, 46.0396 ], [ -3.5273, 46.0261 ], [ -3.3835, 45.9922 ], [ -3.2521, 45.9393 ], [ -3.1383, 45.8694 ], [ -3.0465, 45.7852 ], [ -2.9803, 45.6901 ], [ -2.9419, 45.5877 ], [ -2.9329, 45.4821 ], [ -2.9532, 45.3773 ], [ -3.0021, 45.2772 ], [ -3.0775, 45.1857 ], [ -3.1764, 45.1064 ], [ -3.2951, 45.0421 ], [ -3.4289, 44.9952 ], [ -3.5729, 44.9677 ], [ -7.2374, 44.4671 ], [ -6.9873, 44.2101 ], [ -6.9156, 44.1177 ], [ -6.8705, 44.017 ], [ -6.8536, 43.9119 ], [ -6.8654, 43.8064 ], [ -6.9053, 43.7047 ], [ -6.9716, 43.6104 ], [ -7.0617, 43.5274 ], [ -7.1721, 43.4586 ], [ -7.2986, 43.4067 ], [ -7.4364, 43.3736 ], [ -7.5802, 43.3605 ], [ -7.7249, 43.368 ], [ -7.8648, 43.3957 ], [ -7.9949, 43.4427 ], [ -8.1101, 43.5071 ], [ -8.2061, 43.5866 ], [ -9.2111, 44.581 ], [ -9.2871, 44.6719 ], [ -9.337, 44.7716 ], [ -9.3587, 44.8763 ], [ -9.3513, 44.982 ], [ -9.3149, 45.0846 ], [ -9.2508, 45.1802 ], [ -9.1613, 45.2651 ], [ -9.0499, 45.3359 ], [ -8.9207, 45.3898 ], [ -8.7789, 45.4248 ], [ -8.63, 45.4394 ], [ -8.48, 45.4331 ], [ -8.3347, 45.4062 ], [ -8.3023, 45.395 ] ] ]
    },
    "properties" : { }
  }, {
    "type" : "Feature",
    "geometry" : {
      "type" : "Polygon",
      "coordinates" : [ [ [ -3.4773, 43.3172 ], [ -3.5898, 43.2506 ], [ -3.7177, 43.2011 ], [ -3.8561, 43.1706 ], [ -3.9999, 43.1604 ], [ -4.1437, 43.1706 ], [ -4.2822, 43.201 ], [ -4.41, 43.2505 ], [ -4.5225, 43.3171 ], [ -4.6153, 43.3984 ], [ -4.6848, 43.4913 ], [ -4.7283, 43.5922 ], [ -4.7439, 43.6974 ], [ -4.7309, 43.8028 ], [ -4.6898, 43.9043 ], [ -4.6218, 43.9981 ], [ -4.5296, 44.0804 ], [ -2.8079, 45.2987 ], [ -2.5725, 46.4779 ], [ -2.5363, 46.5807 ], [ -2.4716, 46.6766 ], [ -2.3806, 46.7619 ], [ -2.2669, 46.8333 ], [ -2.1348, 46.8879 ], [ -1.9896, 46.9236 ], [ -1.8368, 46.9391 ], [ -1.6826, 46.9336 ], [ -1.533, 46.9074 ], [ -1.394, 46.8615 ], [ -1.2709, 46.7978 ], [ -1.1687, 46.7188 ], [ -1.0911, 46.6274 ], [ -1.041, 46.5274 ], [ -1.0204, 46.4226 ], [ -1.0297, 46.317 ], [ -1.1734, 45.6898 ], [ -1.1402, 45.6693 ], [ -1.0488, 45.5851 ], [ -0.9828, 45.49 ], [ -0.9446, 45.3876 ], [ -0.9356, 45.282 ], [ -0.9559, 45.1772 ], [ -1.0047, 45.0771 ], [ -1.0798, 44.9857 ], [ -1.1784, 44.9063 ], [ -1.3775, 44.7739 ], [ -1.6671, 43.4211 ], [ -1.7029, 43.3186 ], [ -1.7652, 43.2231 ], [ -1.8515, 43.1383 ], [ -1.9586, 43.0674 ], [ -2.0822, 43.0129 ], [ -2.2178, 42.9771 ], [ -2.3602, 42.9612 ], [ -2.5041, 42.9658 ], [ -2.644, 42.9907 ], [ -2.7749, 43.0351 ], [ -2.8916, 43.0972 ], [ -2.9899, 43.1747 ], [ -3.0659, 43.2647 ], [ -3.1165, 43.3638 ], [ -3.1399, 43.4683 ], [ -3.1354, 43.5622 ], [ -3.4773, 43.3172 ] ] ]
    },
    "properties" : { }
  } ]
}