{
  "type" : "FeatureCollection",
  "features" : [ {
    "type" : "Feature",
    "geometry" : {
      "type" : "Polygon",
      "coordinates" : [ [ [ -3.6503, 47.7289 ], [ -3.8088, 47.7011 ], [ -4.0433, 47.6914 ], [ -4.2763, 47.7123 ], [ -4.4991, 47.7631 ], [ -4.7036, 47.8418 ], [ -4.8819, 47.9456 ], [ -5.0275, 48.0706 ], [ -5.1246, 48.1992 ], [ -5.264, 48.2103 ], [ -5.4898, 48.2592 ], [ -5.6976, 48.3362 ], [ -5.8796, 48.4384 ], [ -6.0289, 48.5621 ], [ -6.1396, 48.7027 ], [ -6.2073, 48.8548 ], [ -6.2289, 49.0127 ], [ -6.2034, 49.1703 ], [ -6.1311, 49.3215 ], [ -6.0146, 49.4605 ], [ -5.858, 49.5818 ], [ -5.6674, 49.6806 ], [ -5.45, 49.753 ], [ -5.2147, 49.796 ], [ -4.9707, 49.808 ], [ -4.7279, 49.7885 ], [ -4.5538, 49.7508 ], [ -4.5368, 49.7563 ], [ -4.3006, 49.7976 ], [ -4.0564, 49.8078 ], [ -3.814, 49.7864 ], [ -3.583, 49.7344 ], [ -3.3728, 49.6538 ], [ -3.1916, 49.5479 ], [ -3.0464, 49.4208 ], [ -2.9427, 49.2776 ], [ -2.9396, 49.2696 ], [ -2.7767, 49.2313 ], [ -2.5698, 49.1493 ], [ -2.392, 49.0421 ], [ -2.2502, 48.914 ], [ -2.1496, 48.77 ], [ -2.094, 48.6158 ], [ -2.085, 48.4573 ], [ -2.1225, 48.3007 ], [ -2.2048, 48.152 ], [ -2.3284, 48.0166 ], [ -2.4882, 47.8999 ], [ -2.6783, 47.806 ], [ -2.8913, 47.7386 ], [ -3.1193, 47.7 ], [ -3.354, 47.6917 ], [ -3.5867, 47.714 ], [ -3.6503, 47.7289 ] ] ]
    },
    "properties" : { }
  }, {
    "type" : "Feature",
    "geometry" : {
      "type" : "Polygon",
      "coordinates" : [ [ [ -8.9573, 48.7451 ], [ -8.9984, 48.8267 ], [ -9.0285, 48.9839 ], [ -9.0115, 49.1421 ], [ -8.9475, 49.2949 ], [ -8.8388, 49.4365 ], [ -8.6891, 49.5614 ], [ -8.5041, 49.6646 ], [ -8.291, 49.742 ], [ -8.0582, 49.7905 ], [ -7.8151, 49.8082 ], [ -7.5713, 49.7944 ], [ -7.3367, 49.7496 ], [ -7.198, 49.7021 ], [ -7.104, 49.7083 ], [ -6.8609, 49.6931 ], [ -6.6274, 49.6469 ], [ -6.4129, 49.5716 ], [ -6.2258, 49.4703 ], [ -6.0734, 49.3469 ], [ -5.9615, 49.2064 ], [ -5.8941, 49.0542 ], [ -5.8735, 48.8963 ], [ -5.8999, 48.7387 ], [ -5.9721, 48.5875 ], [ -6.0868, 48.4484 ], [ -6.2394, 48.3267 ], [ -6.4241, 48.2269 ], [ -6.6337, 48.1527 ], [ -6.7243, 48.1345 ], [ -6.7884, 48.0543 ], [ -6.9383, 47.9317 ], [ -7.1203, 47.8307 ], [ -7.3274, 47.7553 ], [ -7.5519, 47.7081 ], [ -7.7855, 47.6909 ], [ -8.0197, 47.7044 ], [ -8.2458, 47.7479 ], [ -8.4555, 47.82 ], [ -8.6409, 47.918 ], [ -8.7951, 48.0382 ], [ -8.912, 48.1762 ], [ -8.987, 48.3267 ], [ -9.0168, 48.484 ], [ -8.9999, 48.6422 ], [ -8.9573, 48.7451 ] ] ]
    },
    "properties" : { }
  }, {
    "type" : "Feature",
    "geometry" : {
      "type" : "Polygon",
      "coordinates" : [ [ [ -7.8732, 44.3163 ], [ -7.8919, 44.1582 ], [ -7.9529, 44.0058 ], [ -8.0536, 43.8649 ], [ -8.1897, 43.7406 ], [ -8.3561, 43.6378 ], [ -8.5464, 43.5603 ], [ -8.7535, 43.5108 ], [ -8.9697, 43.4912 ], [ -9.187, 43.5023 ], [ -9.3974, 43.5436 ], [ -9.5931, 43.6136 ], [ -9.7668, 43.7097 ], [ -9.912, 43.8284 ], [ -10.0229, 43.9653 ], [ -10.0953, 44.115 ], [ -10.1259, 44.2721 ], [ -10.1134, 44.4305 ], [ -10.0578, 44.5841 ], [ -9.961, 44.727 ], [ -9.8264, 44.8534 ], [ -9.6591, 44.9585 ], [ -9.4656, 45.0381 ], [ -9.2534, 45.089 ], [ -9.0312, 45.1091 ], [ -8.8077, 45.0977 ], [ -8.5919, 45.0552 ], [ -8.3924, 44.9834 ], [ -8.2171, 44.885 ], [ -8.0728, 44.764 ], [ -7.9651, 44.6252 ], [ -7.8978, 44.474 ], [ -7.8732, 44.3163 ] ] ]
    },
    "properties" : { }
  }, {
    "type" : "Feature",
    "geometry" : {
      "type" : "Polygon",
      "coordinates" : [ [ [ -6.5254, 46.6027 ], [ -6.5488, 46.4448 ], [ -6.6161, 46.2931 ], [ -6.7244, 46.1533 ], [ -6.8692, 46.0307 ], [ -7.045, 45.9298 ], [ -7.2451, 45.8545 ], [ -7.4619, 45.8074 ], [ -7.6875, 45.7904 ], [ -7.9136, 45.804 ], [ -8.1318, 45.8479 ], [ -8.3341, 45.9202 ], [ -8.5129, 46.0184 ], [ -8.6614, 46.1389 ], [ -8.7739, 46.277 ], [ -8.8459, 46.4277 ], [ -8.8743, 46.5852 ], [ -8.8575, 46.7435 ], [ -8.796, 46.8965 ], [ -8.6917, 47.0382 ], [ -8.5483, 47.1631 ], [ -8.3713, 47.2663 ], [ -8.1676, 47.3436 ], [ -7.9451, 47.392 ], [ -7.7129, 47.4095 ], [ -7.4801, 47.3954 ], [ -7.2561, 47.3504 ], [ -7.0499, 47.2761 ], [ -6.8696, 47.1756 ], [ -6.7223, 47.0529 ], [ -6.6134, 46.9127 ], [ -6.5471, 46.7607 ], [ -6.5254, 46.6027 ] ] ]
    },
    "properties" : { }
  }, {
    "type" : "Feature",
    "geometry" : {
      "type" : "Polygon",
      "coordinates" : [ [ [ -6.6508, 45.4039 ], [ -6.6733, 45.246 ], [ -6.7389, 45.0942 ], [ -6.8445, 44.9543 ], [ -6.986, 44.8315 ], [ -7.1578, 44.7305 ], [ -7.3534, 44.655 ], [ -7.5656, 44.6078 ], [ -7.7863, 44.5905 ], [ -8.0076, 44.604 ], [ -8.2212, 44.6476 ], [ -8.4193, 44.7198 ], [ -8.5944, 44.8179 ], [ -8.74, 44.9382 ], [ -8.8503, 45.0762 ], [ -8.9209, 45.2269 ], [ -8.9488, 45.3843 ], [ -8.9327, 45.5426 ], [ -8.8727, 45.6957 ], [ -8.7708, 45.8375 ], [ -8.6308, 45.9625 ], [ -8.4578, 46.0658 ], [ -8.2587, 46.1433 ], [ -8.0412, 46.1919 ], [ -7.8141, 46.2096 ], [ -7.5863, 46.1957 ], [ -7.3672, 46.1509 ], [ -7.1654, 46.0768 ], [ -6.9888, 45.9764 ], [ -6.8444, 45.8538 ], [ -6.7376, 45.7138 ], [ -6.6723, 45.5618 ], [ -6.6508, 45.4039 ] ] ]
    },
    "properties" : { }
  }, {
    "type" : "Feature",
    "geometry" : {
      "type" : "Polygon",
      "coordinates" : [ [ [ -8.9491, 45.5275 ], [ -8.9652, 45.3692 ], [ -9.0246, 45.2161 ], [ -9.1247, 45.0741 ], [ -9.2614, 44.9485 ], [ -9.4294, 44.844 ], [ -9.6223, 44.7645 ], [ -9.8328, 44.7129 ], [ -10.0532, 44.6911 ], [ -10.2753, 44.7 ], [ -10.491, 44.7393 ], [ -10.6922, 44.8073 ], [ -10.8715, 44.9018 ], [ -11.0221, 45.019 ], [ -11.1381, 45.1548 ], [ -11.215, 45.3039 ], [ -11.2495, 45.4607 ], [ -11.24, 45.6193 ], [ -11.1863, 45.7735 ], [ -11.0903, 45.9173 ], [ -10.9554, 46.0452 ], [ -10.7866, 46.152 ], [ -10.5906, 46.2335 ], [ -10.3749, 46.2866 ], [ -10.1482, 46.3089 ], [ -9.9195, 46.2998 ], [ -9.6981, 46.2594 ], [ -9.4928, 46.1895 ], [ -9.3117, 46.0929 ], [ -9.1619, 45.9733 ], [ -9.049, 45.8355 ], [ -8.9773, 45.685 ], [ -8.9491, 45.5275 ] ] ]
    },
    "properties" : { }
  }, {
    "type" : "Feature",
    "geometry" : {
      "type" : "Polygon",
      "coordinates" : [ [ [ -9.872, 46.8248 ], [ -9.9986, 46.7475 ], [ -10.1974, 46.667 ], [ -10.4148, 46.6143 ], [ -10.6426, 46.5914 ], [ -10.8726, 46.5991 ], [ -11.0962, 46.6372 ], [ -11.3053, 46.7041 ], [ -11.4919, 46.7976 ], [ -11.6491, 46.914 ], [ -11.7708, 47.0491 ], [ -11.8522, 47.1977 ], [ -11.8898, 47.3544 ], [ -11.8818, 47.5129 ], [ -11.8281, 47.6674 ], [ -11.7304, 47.8117 ], [ -11.5922, 47.9403 ], [ -11.4187, 48.048 ], [ -11.2952, 48.0985 ], [ -11.2939, 48.1189 ], [ -11.2379, 48.2731 ], [ -11.1375, 48.4168 ], [ -10.9962, 48.5446 ], [ -10.8195, 48.6514 ], [ -10.6141, 48.7329 ], [ -10.3881, 48.7859 ], [ -10.1505, 48.8083 ], [ -9.9109, 48.7991 ], [ -9.6789, 48.7588 ], [ -9.4638, 48.6889 ], [ -9.2741, 48.5923 ], [ -9.1172, 48.4728 ], [ -8.9991, 48.3351 ], [ -8.924, 48.1846 ], [ -8.8947, 48.0272 ], [ -8.9117, 47.869 ], [ -8.974, 47.716 ], [ -9.0109, 47.6662 ], [ -9.0038, 47.6283 ], [ -9.0203, 47.47 ], [ -9.0819, 47.3169 ], [ -9.1857, 47.1749 ], [ -9.3276, 47.0492 ], [ -9.5021, 46.9446 ], [ -9.7024, 46.8649 ], [ -9.872, 46.8248 ] ] ]
    },
    "properties" : { }
  }, {
    "type" : "Feature",
    "geometry" : {
      "type" : "Polygon",
      "coordinates" : [ [ [ -7.1569, 46.0387 ], [ -7.1722, 46.0516 ], [ -7.2808, 46.1912 ], [ -7.3485, 46.3428 ], [ -7.3725, 46.5007 ], [ -7.3514, 46.6587 ], [ -7.2857, 46.8108 ], [ -7.1776, 46.9512 ], [ -7.031, 47.0742 ], [ -6.8514, 47.175 ], [ -6.6459, 47.2496 ], [ -6.4225, 47.2951 ], [ -6.1902, 47.3095 ], [ -5.9583, 47.2924 ], [ -5.7361, 47.2444 ], [ -5.5324, 47.1675 ], [ -5.3554, 47.0646 ], [ -5.2118, 46.94 ], [ -5.1071, 46.7984 ], [ -5.0451, 46.6456 ], [ -5.0278, 46.4873 ], [ -5.0341, 46.4515 ], [ -5.0193, 46.4383 ], [ -4.916, 46.2966 ], [ -4.8551, 46.1436 ], [ -4.8386, 45.9853 ], [ -4.8666, 45.8278 ], [ -4.9377, 45.6771 ], [ -5.049, 45.5389 ], [ -5.1959, 45.4185 ], [ -5.3728, 45.3202 ], [ -5.5729, 45.2479 ], [ -5.7887, 45.2041 ], [ -6.0124, 45.1904 ], [ -6.2355, 45.2074 ], [ -6.45, 45.2545 ], [ -6.6479, 45.3298 ], [ -6.8218, 45.4307 ], [ -6.9651, 45.5533 ], [ -7.0721, 45.6931 ], [ -7.1386, 45.8449 ], [ -7.1618, 46.0028 ], [ -7.1569, 46.0387 ] ] ]
    },
    "properties" : { }
  }, {
    "type" : "Feature",
    "geometry" : {
      "type" : "Polygon",
      "coordinates" : [ [ [ -7.7446, 45.7151 ], [ -7.7642, 45.557 ], [ -7.8271, 45.4046 ], [ -7.9305, 45.2637 ], [ -8.0704, 45.1395 ], [ -8.2412, 45.0368 ], [ -8.4364, 44.9594 ], [ -8.6488, 44.9101 ], [ -8.8704, 44.8907 ], [ -9.0931, 44.902 ], [ -9.3087, 44.9435 ], [ -9.5092, 45.0137 ], [ -9.6871, 45.11 ], [ -9.8357, 45.2289 ], [ -9.9493, 45.3659 ], [ -10.0233, 45.5158 ], [ -10.0545, 45.673 ], [ -10.0415, 45.8315 ], [ -9.9843, 45.9851 ], [ -9.8848, 46.1279 ], [ -9.7465, 46.2543 ], [ -9.5748, 46.3593 ], [ -9.3762, 46.4387 ], [ -9.1585, 46.4894 ], [ -8.9305, 46.5094 ], [ -8.7013, 46.4978 ], [ -8.48, 46.4551 ], [ -8.2755, 46.383 ], [ -8.096, 46.2844 ], [ -7.9483, 46.1632 ], [ -7.8381, 46.0242 ], [ -7.7694, 45.8729 ], [ -7.7446, 45.7151 ] ] ]
    },
    "properties" : { }
  }, {
    "type" : "Feature",
    "geometry" : {
      "type" : "Polygon",
      "coordinates" : [ [ [ -7.6185, 46.8924 ], [ -7.8194, 46.9044 ], [ -8.042, 46.9484 ], [ -8.2483, 47.0209 ], [ -8.4306, 47.1192 ], [ -8.582, 47.2398 ], [ -8.6966, 47.378 ], [ -8.7698, 47.5287 ], [ -8.7986, 47.6861 ], [ -8.7813, 47.8444 ], [ -8.7182, 47.9972 ], [ -8.6115, 48.1388 ], [ -8.465, 48.2635 ], [ -8.2841, 48.3665 ], [ -8.076, 48.4436 ], [ -7.8488, 48.4918 ], [ -7.6116, 48.5091 ], [ -7.3739, 48.4948 ], [ -7.3558, 48.4913 ], [ -7.257, 48.5722 ], [ -7.0727, 48.6733 ], [ -6.8616, 48.7483 ], [ -6.6319, 48.7941 ], [ -6.393, 48.809 ], [ -6.1544, 48.7923 ], [ -5.9256, 48.7447 ], [ -5.7158, 48.6681 ], [ -5.5333, 48.5656 ], [ -5.3852, 48.4413 ], [ -5.2771, 48.3 ], [ -5.2635, 48.2679 ], [ -5.107, 48.2972 ], [ -4.87, 48.309 ], [ -4.6341, 48.2892 ], [ -4.409, 48.2387 ], [ -4.2034, 48.1595 ], [ -4.0257, 48.0547 ], [ -3.8826, 47.9284 ], [ -3.7795, 47.7858 ], [ -3.7202, 47.6322 ], [ -3.7065, 47.4738 ], [ -3.7386, 47.3167 ], [ -3.7393, 47.3153 ], [ -3.6346, 47.2519 ], [ -3.4946, 47.1251 ], [ -3.3941, 46.9821 ], [ -3.3367, 46.8283 ], [ -3.3244, 46.6698 ], [ -3.3571, 46.5127 ], [ -3.4333, 46.363 ], [ -3.5498, 46.2263 ], [ -3.7018, 46.1079 ], [ -3.8835, 46.012 ], [ -4.088, 45.9423 ], [ -4.3078, 45.9014 ], [ -4.5346, 45.8907 ], [ -4.7601, 45.9107 ], [ -4.9761, 45.9606 ], [ -5.1744, 46.0385 ], [ -5.3478, 46.1417 ], [ -5.4896, 46.2662 ], [ -5.5287, 46.319 ], [ -5.5733, 46.3362 ], [ -5.7484, 46.4387 ], [ -5.8918, 46.5627 ], [ -5.9414, 46.6285 ], [ -5.9502, 46.6236 ], [ -6.1544, 46.5502 ], [ -6.3749, 46.5053 ], [ -6.6037, 46.4904 ], [ -6.8324, 46.5063 ], [ -7.0525, 46.5522 ], [ -7.256, 46.6264 ], [ -7.4352, 46.7263 ], [ -7.5832, 46.8482 ], [ -7.6185, 46.8924 ] ] ]
    },
    "properties" : { }
  }, {
    "type" : "Feature",
    "geometry" : {
      "type" : "Polygon",
      "coordinates" : [ [ [ -4.9793, 44.2176 ], [ -5.1592, 44.26 ], [ -5.3518, 44.3376 ], [ -5.5203, 44.4404 ], [ -5.6582, 44.5647 ], [ -5.7601, 44.7057 ], [ -5.8219, 44.8581 ], [ -5.8409, 45.0162 ], [ -5.8161, 45.1739 ], [ -5.748, 45.3252 ], [ -5.6389, 45.464 ], [ -5.4928, 45.5851 ], [ -5.3153, 45.6835 ], [ -5.1133, 45.7554 ], [ -4.8948, 45.7979 ], [ -4.6684, 45.8093 ], [ -4.4433, 45.7891 ], [ -4.2285, 45.7382 ], [ -4.0326, 45.6586 ], [ -4.0302, 45.6572 ], [ -3.9296, 45.7783 ], [ -3.7789, 45.8971 ], [ -3.5974, 45.9928 ], [ -3.3921, 46.0616 ], [ -3.171, 46.1007 ], [ -2.9431, 46.1087 ], [ -2.7175, 46.0851 ], [ -2.5032, 46.0309 ], [ -2.3088, 45.9483 ], [ -2.1418, 45.8406 ], [ -2.0088, 45.712 ], [ -1.9147, 45.5677 ], [ -1.863, 45.4132 ], [ -1.8551, 45.2546 ], [ -1.8912, 45.0979 ], [ -1.9694, 44.9493 ], [ -2.0692, 44.834 ], [ -2.0651, 44.7567 ], [ -2.1003, 44.6 ], [ -2.1772, 44.4512 ], [ -2.2928, 44.3159 ], [ -2.4423, 44.1992 ], [ -2.62, 44.1054 ], [ -2.8192, 44.0381 ], [ -3.0325, 43.9996 ], [ -3.2519, 43.9915 ], [ -3.4694, 44.0141 ], [ -3.677, 44.0664 ], [ -3.7032, 44.0775 ], [ -3.8058, 44.0416 ], [ -4.0184, 44.0012 ], [ -4.2377, 43.9911 ], [ -4.4556, 44.0117 ], [ -4.6641, 44.0621 ], [ -4.8554, 44.1406 ], [ -4.9793, 44.2176 ] ] ]
    },
    "properties" : { }
  } ]
}