{
  "type" : "FeatureCollection",
  "features" : [ {
    "type" : "Feature",
    "geometry" : {
      "type" : "Polygon",
      "coordinates" : [ [ [ -5.2256, 45.9915 ], [ -5.2904, 45.7858 ], [ -5.4621, 45.6129 ], [ -5.714, 45.4988 ], [ -6.0083, 45.4603 ], [ -6.3014, 45.5032 ], [ -6.5497, 45.6211 ], [ -6.7161, 45.7966 ], [ -6.7745, 46.0032 ], [ -6.7424, 46.115 ], [ -6.7534, 46.1201 ], [ -6.9219, 46.2953 ], [ -6.9816, 46.5018 ], [ -6.9224, 46.7084 ], [ -6.752, 46.8835 ], [ -6.4959, 47 ], [ -6.1935, 47.0397 ], [ -5.8921, 46.9965 ], [ -5.6389, 46.8771 ], [ -5.4727, 46.7001 ], [ -5.4185, 46.4929 ], [ -5.4536, 46.3814 ], [ -5.4426, 46.3762 ], [ -5.2787, 46.1989 ], [ -5.2256, 45.9915 ] ] ]
    },
    "properties" : { }
  }, {
    "type" : "Feature",
    "geometry" : {
      "type" : "Polygon",
      "coordinates" : [ [ [ -10.0803, 47.0751 ], [ -10.1152, 47.036 ], [ -10.3634, 46.9116 ], [ -10.6616, 46.861 ], [ -10.9654, 46.8916 ], [ -11.2299, 46.999 ], [ -11.4154, 47.1672 ], [ -11.4934, 47.3709 ], [ -11.4508, 47.5795 ], [ -11.2928, 47.7609 ], [ -11.0428, 47.8873 ], [ -10.8802, 47.9151 ], [ -10.9027, 47.975 ], [ -10.8573, 48.1833 ], [ -10.6954, 48.3639 ], [ -10.4411, 48.4889 ], [ -10.1335, 48.5389 ], [ -9.8206, 48.5061 ], [ -9.5514, 48.3955 ], [ -9.3676, 48.2245 ], [ -9.2966, 48.0195 ], [ -9.348, 47.8119 ], [ -9.4359, 47.7166 ], [ -9.4026, 47.6202 ], [ -9.4533, 47.4125 ], [ -9.6164, 47.2335 ], [ -9.8667, 47.1102 ], [ -10.0803, 47.0751 ] ] ]
    },
    "properties" : { }
  }, {
    "type" : "Feature",
    "geometry" : {
      "type" : "Polygon",
      "coordinates" : [ [ [ -8.1298, 45.7114 ], [ -8.1834, 45.5042 ], [ -8.3451, 45.327 ], [ -8.5896, 45.2065 ], [ -8.8802, 45.1604 ], [ -9.1737, 45.1958 ], [ -9.4266, 45.3073 ], [ -9.601, 45.4783 ], [ -9.6698, 45.6833 ], [ -9.6216, 45.8912 ], [ -9.4624, 46.0702 ], [ -9.216, 46.1927 ], [ -8.9202, 46.2396 ], [ -8.6213, 46.2035 ], [ -8.3659, 46.0902 ], [ -8.1935, 45.9173 ], [ -8.1298, 45.7114 ] ] ]
    },
    "properties" : { }
  }, {
    "type" : "Feature",
    "geometry" : {
      "type" : "Polygon",
      "coordinates" : [ [ [ -9.3328, 45.5196 ], [ -9.3818, 45.3119 ], [ -9.5391, 45.133 ], [ -9.7801, 45.0098 ], [ -10.0687, 44.9607 ], [ -10.3618, 44.993 ], [ -10.6162, 45.1017 ], [ -10.7935, 45.2709 ], [ -10.8665, 45.4751 ], [ -10.823, 45.6835 ], [ -10.6684, 45.8642 ], [ -10.4256, 45.9893 ], [ -10.132, 46.0393 ], [ -9.8333, 46.0065 ], [ -9.5764, 45.8959 ], [ -9.4008, 45.7248 ], [ -9.3328, 45.5196 ] ] ]
    },
    "properties" : { }
  }, {
    "type" : "Feature",
    "geometry" : {
      "type" : "Polygon",
      "coordinates" : [ [ [ -5.8843, 47.0763 ], [ -6.0448, 46.9158 ], [ -6.3015, 46.8004 ], [ -6.6025, 46.7603 ], [ -6.9031, 46.8016 ], [ -7.1587, 46.9182 ], [ -7.3311, 47.0927 ], [ -7.3933, 47.299 ], [ -7.3348, 47.5058 ], [ -7.1632, 47.6814 ], [ -7.0709, 47.7233 ], [ -7.1415, 47.794 ], [ -7.2038, 48.0003 ], [ -7.1438, 48.2069 ], [ -6.9692, 48.3822 ], [ -6.7062, 48.4991 ], [ -6.3954, 48.5394 ], [ -6.0852, 48.4967 ], [ -5.8243, 48.3778 ], [ -5.6528, 48.2012 ], [ -5.6153, 48.0641 ], [ -5.4258, 47.976 ], [ -5.2569, 47.7987 ], [ -5.2024, 47.5914 ], [ -5.2692, 47.3858 ], [ -5.446, 47.213 ], [ -5.7054, 47.0989 ], [ -5.8843, 47.0763 ] ] ]
    },
    "properties" : { }
  }, {
    "type" : "Feature",
    "geometry" : {
      "type" : "Polygon",
      "coordinates" : [ [ [ -7.028, 48.3701 ], [ -7.0495, 48.2972 ], [ -7.2235, 48.1218 ], [ -7.4834, 48.0038 ], [ -7.7903, 47.9607 ], [ -8.0986, 47.9988 ], [ -8.3627, 48.1127 ], [ -8.5429, 48.2853 ], [ -8.6113, 48.4907 ], [ -8.5563, 48.6979 ], [ -8.5092, 48.7468 ], [ -8.55, 48.7853 ], [ -8.6191, 48.9907 ], [ -8.5636, 49.1978 ], [ -8.3905, 49.375 ], [ -8.1257, 49.4949 ], [ -7.81, 49.5389 ], [ -7.4927, 49.5 ], [ -7.2919, 49.4138 ], [ -7.1026, 49.439 ], [ -6.7865, 49.3982 ], [ -6.5194, 49.2809 ], [ -6.3425, 49.1055 ], [ -6.2823, 48.8989 ], [ -6.3465, 48.6929 ], [ -6.5242, 48.5185 ], [ -6.7877, 48.4021 ], [ -7.028, 48.3701 ] ] ]
    },
    "properties" : { }
  }, {
    "type" : "Feature",
    "geometry" : {
      "type" : "Polygon",
      "coordinates" : [ [ [ -7.0339, 45.4039 ], [ -7.0913, 45.1972 ], [ -7.2555, 45.0217 ], [ -7.501, 44.9035 ], [ -7.7909, 44.8603 ], [ -8.0821, 44.8986 ], [ -8.3315, 45.0125 ], [ -8.5015, 45.1853 ], [ -8.566, 45.3909 ], [ -8.5139, 45.5983 ], [ -8.352, 45.7757 ], [ -8.1044, 45.8957 ], [ -7.8093, 45.9397 ], [ -7.5128, 45.9008 ], [ -7.2611, 45.7849 ], [ -7.0931, 45.6103 ], [ -7.0339, 45.4039 ] ] ]
    },
    "properties" : { }
  }, {
    "type" : "Feature",
    "geometry" : {
      "type" : "Polygon",
      "coordinates" : [ [ [ -2.4432, 44.7724 ], [ -2.5167, 44.5685 ], [ -2.6931, 44.4 ], [ -2.945, 44.2922 ], [ -3.2348, 44.261 ], [ -3.5194, 44.3111 ], [ -3.7566, 44.4351 ], [ -3.9106, 44.6145 ], [ -3.9574, 44.8224 ], [ -3.8889, 45.0273 ], [ -3.732, 45.1803 ], [ -3.7642, 45.3237 ], [ -3.6943, 45.5285 ], [ -3.5174, 45.6987 ], [ -3.2602, 45.8079 ], [ -2.9623, 45.8391 ], [ -2.6703, 45.7875 ], [ -2.4298, 45.6611 ], [ -2.2777, 45.4796 ], [ -2.2365, 45.271 ], [ -2.3115, 45.0672 ], [ -2.4718, 44.9162 ], [ -2.4432, 44.7724 ] ] ]
    },
    "properties" : { }
  }, {
    "type" : "Feature",
    "geometry" : {
      "type" : "Polygon",
      "coordinates" : [ [ [ -6.9169, 46.6031 ], [ -6.9761, 46.3965 ], [ -7.1442, 46.2211 ], [ -7.3953, 46.1032 ], [ -7.6916, 46.0603 ], [ -7.9892, 46.0988 ], [ -8.2438, 46.2129 ], [ -8.4174, 46.3858 ], [ -8.4829, 46.5915 ], [ -8.4293, 46.7988 ], [ -8.2636, 46.9761 ], [ -8.0103, 47.096 ], [ -7.7085, 47.1397 ], [ -7.4054, 47.1005 ], [ -7.1484, 46.9844 ], [ -6.977, 46.8096 ], [ -6.9169, 46.6031 ] ] ]
    },
    "properties" : { }
  }, {
    "type" : "Feature",
    "geometry" : {
      "type" : "Polygon",
      "coordinates" : [ [ [ -4.1812, 48.9845 ], [ -4.2538, 48.7797 ], [ -4.4387, 48.6086 ], [ -4.7072, 48.4968 ], [ -5.019, 48.461 ], [ -5.3281, 48.5064 ], [ -5.5885, 48.6264 ], [ -5.7612, 48.803 ], [ -5.8192, 49.0099 ], [ -5.7525, 49.2155 ], [ -5.5698, 49.3886 ], [ -5.2986, 49.5022 ], [ -4.9806, 49.5388 ], [ -4.6656, 49.4925 ], [ -4.403, 49.3706 ], [ -4.2331, 49.1921 ], [ -4.1812, 48.9845 ] ] ]
    },
    "properties" : { }
  }, {
    "type" : "Feature",
    "geometry" : {
      "type" : "Polygon",
      "coordinates" : [ [ [ -6.8007, 47.7024 ], [ -6.8615, 47.4959 ], [ -7.0335, 47.3207 ], [ -7.29, 47.203 ], [ -7.5925, 47.1604 ], [ -7.896, 47.1991 ], [ -8.1557, 47.3135 ], [ -8.3325, 47.4865 ], [ -8.3991, 47.6921 ], [ -8.3441, 47.8994 ], [ -8.1746, 48.0764 ], [ -7.9158, 48.196 ], [ -7.6077, 48.2394 ], [ -7.2983, 48.2 ], [ -7.0362, 48.0837 ], [ -6.8616, 47.9089 ], [ -6.8007, 47.7024 ] ] ]
    },
    "properties" : { }
  }, {
    "type" : "Feature",
    "geometry" : {
      "type" : "Polygon",
      "coordinates" : [ [ [ -3.4428, 44.7793 ], [ -3.5127, 44.5747 ], [ -3.686, 44.4046 ], [ -3.936, 44.2945 ], [ -4.2252, 44.2607 ], [ -4.5107, 44.3083 ], [ -4.75, 44.4301 ], [ -4.7863, 44.4712 ], [ -5.0074, 44.5068 ], [ -5.2487, 44.6276 ], [ -5.408, 44.8049 ], [ -5.4606, 45.0121 ], [ -5.3973, 45.2179 ], [ -5.2267, 45.3907 ], [ -4.9743, 45.5037 ], [ -4.679, 45.5395 ], [ -4.3871, 45.4924 ], [ -4.144, 45.3697 ], [ -4.1077, 45.3283 ], [ -3.8838, 45.2909 ], [ -3.6427, 45.1672 ], [ -3.488, 44.9874 ], [ -3.4428, 44.7793 ] ] ]
    },
    "properties" : { }
  }, {
    "type" : "Feature",
    "geometry" : {
      "type" : "Polygon",
      "coordinates" : [ [ [ -2.4898, 48.4729 ], [ -2.5683, 48.2691 ], [ -2.7568, 48.1006 ], [ -3.0262, 47.9926 ], [ -3.3362, 47.9612 ], [ -3.6408, 48.011 ], [ -3.6581, 48.0194 ], [ -3.7195, 47.9942 ], [ -4.029, 47.961 ], [ -4.3343, 48.009 ], [ -4.59, 48.1312 ], [ -4.7577, 48.3093 ], [ -4.8112, 48.5167 ], [ -4.7518, 48.6907 ], [ -4.8646, 48.8087 ], [ -4.9191, 49.016 ], [ -4.8487, 49.2212 ], [ -4.663, 49.3929 ], [ -4.3897, 49.5045 ], [ -4.0711, 49.5386 ], [ -3.757, 49.4899 ], [ -3.4965, 49.3661 ], [ -3.3298, 49.1863 ], [ -3.2947, 49.0354 ], [ -3.2631, 49.0386 ], [ -2.9528, 48.9878 ], [ -2.6968, 48.8622 ], [ -2.5344, 48.6812 ], [ -2.4898, 48.4729 ] ] ]
    },
    "properties" : { }
  }, {
    "type" : "Feature",
    "geometry" : {
      "type" : "Polygon",
      "coordinates" : [ [ [ -3.7161, 46.6812 ], [ -3.7874, 46.4764 ], [ -3.9659, 46.3059 ], [ -4.2241, 46.1951 ], [ -4.5232, 46.1605 ], [ -4.8188, 46.2073 ], [ -5.0671, 46.3285 ], [ -5.2308, 46.5061 ], [ -5.2328, 46.5138 ], [ -5.4675, 46.6265 ], [ -5.6334, 46.8035 ], [ -5.6888, 47.0107 ], [ -5.6241, 47.2165 ], [ -5.5898, 47.2503 ], [ -5.6403, 47.3035 ], [ -5.6962, 47.5106 ], [ -5.6309, 47.7165 ], [ -5.453, 47.8895 ], [ -5.1891, 48.0031 ], [ -4.8801, 48.0394 ], [ -4.5742, 47.9928 ], [ -4.3192, 47.8705 ], [ -4.1543, 47.6917 ], [ -4.1042, 47.4839 ], [ -4.1751, 47.279 ], [ -4.2103, 47.2456 ], [ -4.1613, 47.1918 ], [ -4.1594, 47.184 ], [ -3.9251, 47.0687 ], [ -3.764, 46.8892 ], [ -3.7161, 46.6812 ] ] ]
    },
    "properties" : { }
  }, {
    "type" : "Feature",
    "geometry" : {
      "type" : "Polygon",
      "coordinates" : [ [ [ -8.2489, 44.3121 ], [ -8.3008, 44.105 ], [ -8.4581, 43.9277 ], [ -8.6963, 43.807 ], [ -8.9797, 43.7608 ], [ -9.2661, 43.7958 ], [ -9.513, 43.9071 ], [ -9.6833, 44.0779 ], [ -9.7508, 44.2827 ], [ -9.704, 44.4905 ], [ -9.5491, 44.6696 ], [ -9.309, 44.7923 ], [ -9.0207, 44.8394 ], [ -8.7291, 44.8036 ], [ -8.4799, 44.6906 ], [ -8.3114, 44.5178 ], [ -8.2489, 44.3121 ] ] ]
    },
    "properties" : { }
  } ]
}