{
  "type" : "FeatureCollection",
  "features" : [ {
    "type" : "Feature",
    "geometry" : {
      "type" : "Polygon",
      "coordinates" : [ [ [ -6.2677, 45.4025 ], [ -6.3877, 44.99 ], [ -6.7183, 44.6407 ], [ -7.2072, 44.4063 ], [ -7.7819, 44.3208 ], [ -8.3592, 44.3965 ], [ -8.8543, 44.622 ], [ -8.8607, 44.621 ], [ -9.1879, 44.6608 ], [ -9.4658, 44.5189 ], [ -10.0379, 44.4216 ], [ -10.619, 44.4854 ], [ -11.125, 44.7012 ], [ -11.4813, 45.0376 ], [ -11.6323, 45.445 ], [ -11.5508, 45.8623 ], [ -11.2443, 46.2254 ], [ -10.757, 46.4776 ], [ -10.1646, 46.5786 ], [ -9.8251, 46.5417 ], [ -9.5378, 46.6845 ], [ -8.9409, 46.7791 ], [ -8.3374, 46.7064 ], [ -7.8255, 46.4785 ], [ -7.8188, 46.4794 ], [ -7.2203, 46.4008 ], [ -6.7146, 46.1673 ], [ -6.3808, 45.8162 ], [ -6.2677, 45.4025 ] ] ]
    },
    "properties" : { }
  }, {
    "type" : "Feature",
    "geometry" : {
      "type" : "Polygon",
      "coordinates" : [ [ [ -2.9328, 46.6571 ], [ -3.0807, 46.2485 ], [ -3.4395, 45.9093 ], [ -3.9532, 45.6894 ], [ -4.5459, 45.6209 ], [ -4.5678, 45.6245 ], [ -4.5864, 45.5672 ], [ -4.9316, 45.2234 ], [ -5.433, 44.9968 ], [ -6.0164, 44.9206 ], [ -6.5974, 45.0056 ], [ -7.092, 45.2396 ], [ -7.401, 45.5618 ], [ -7.6834, 45.5205 ], [ -8.2731, 45.5968 ], [ -8.78, 45.8233 ], [ -9.1291, 46.1671 ], [ -9.2655, 46.5776 ], [ -9.164, 46.993 ], [ -8.9804, 47.1926 ], [ -9.0592, 47.2683 ], [ -9.1979, 47.6788 ], [ -9.1351, 47.9298 ], [ -9.2796, 48.0659 ], [ -9.4222, 48.4759 ], [ -9.3556, 48.7426 ], [ -9.4378, 48.9758 ], [ -9.333, 49.3907 ], [ -8.9897, 49.747 ], [ -8.4578, 49.9887 ], [ -7.8202, 50.0775 ], [ -7.1793, 49.9989 ], [ -7.1239, 49.9752 ], [ -7.1053, 49.9776 ], [ -6.4668, 49.8953 ], [ -5.9301, 49.6589 ], [ -5.5791, 49.3061 ], [ -5.4647, 48.8922 ], [ -5.4751, 48.8607 ], [ -5.2402, 48.7527 ], [ -5.0514, 48.5564 ], [ -4.8598, 48.5786 ], [ -4.2422, 48.4844 ], [ -3.7302, 48.2381 ], [ -3.4034, 47.8786 ], [ -3.309, 47.4624 ], [ -3.3258, 47.416 ], [ -3.0229, 47.0737 ], [ -2.9328, 46.6571 ] ] ]
    },
    "properties" : { }
  }, {
    "type" : "Feature",
    "geometry" : {
      "type" : "Polygon",
      "coordinates" : [ [ [ -7.4975, 44.3192 ], [ -7.6063, 43.9056 ], [ -7.9232, 43.5529 ], [ -8.3979, 43.3134 ], [ -8.9598, 43.2217 ], [ -9.5275, 43.2912 ], [ -10.0189, 43.5119 ], [ -10.3612, 43.8516 ], [ -10.501, 44.2603 ], [ -10.4128, 44.6766 ], [ -10.1054, 45.0365 ], [ -9.6235, 45.2837 ], [ -9.0418, 45.3789 ], [ -8.4534, 45.3067 ], [ -7.9525, 45.0787 ], [ -7.6175, 44.7314 ], [ -7.4975, 44.3192 ] ] ]
    },
    "properties" : { }
  }, {
    "type" : "Feature",
    "geometry" : {
      "type" : "Polygon",
      "coordinates" : [ [ [ -1.6804, 48.4403 ], [ -1.843, 48.0337 ], [ -2.2217, 47.6986 ], [ -2.7576, 47.4844 ], [ -3.3716, 47.4221 ], [ -3.6418, 47.4668 ], [ -4.0575, 47.4218 ], [ -4.6625, 47.5169 ], [ -5.1718, 47.7594 ], [ -5.3734, 47.9715 ], [ -5.65, 48.0117 ], [ -6.1687, 48.2497 ], [ -6.5166, 48.6012 ], [ -6.6387, 49.0141 ], [ -6.5112, 49.4263 ], [ -6.1483, 49.7743 ], [ -5.603, 50.0035 ], [ -4.9607, 50.0772 ], [ -4.5712, 50.0204 ], [ -4.0416, 50.0769 ], [ -3.4074, 49.9786 ], [ -2.8845, 49.7289 ], [ -2.6605, 49.4847 ], [ -2.599, 49.4744 ], [ -2.0851, 49.2212 ], [ -1.7636, 48.8575 ], [ -1.6804, 48.4403 ] ] ]
    },
    "properties" : { }
  }, {
    "type" : "Feature",
    "geometry" : {
      "type" : "Polygon",
      "coordinates" : [ [ [ -9.6867, 46.5955 ], [ -10.0329, 46.4222 ], [ -10.6239, 46.3218 ], [ -11.2258, 46.3825 ], [ -11.752, 46.5955 ], [ -12.1247, 46.9299 ], [ -12.2859, 47.3364 ], [ -12.2066, 47.7541 ], [ -11.8936, 48.1188 ], [ -11.6434, 48.2464 ], [ -11.6198, 48.3616 ], [ -11.2991, 48.7246 ], [ -10.7886, 48.9766 ], [ -10.1677, 49.0776 ], [ -9.5358, 49.0113 ], [ -8.9946, 48.7884 ], [ -8.629, 48.4444 ], [ -8.4927, 48.0335 ], [ -8.6014, 47.6189 ], [ -8.6118, 47.6078 ], [ -8.7118, 47.2202 ], [ -9.0408, 46.8641 ], [ -9.5395, 46.6194 ], [ -9.6867, 46.5955 ] ] ]
    },
    "properties" : { }
  }, {
    "type" : "Feature",
    "geometry" : {
      "type" : "Polygon",
      "coordinates" : [ [ [ -5.1558, 43.9885 ], [ -5.3096, 44.0129 ], [ -5.7901, 44.2526 ], [ -6.111, 44.6053 ], [ -6.2214, 45.019 ], [ -6.1, 45.4314 ], [ -5.7608, 45.7788 ], [ -5.2536, 46.0069 ], [ -4.6577, 46.0791 ], [ -4.1443, 45.9963 ], [ -4.0423, 46.0949 ], [ -3.5252, 46.3151 ], [ -2.9238, 46.3782 ], [ -2.3347, 46.274 ], [ -1.852, 46.0193 ], [ -1.5507, 45.6545 ], [ -1.4739, 45.2368 ], [ -1.6287, 44.8302 ], [ -1.693, 44.7706 ], [ -1.6873, 44.7397 ], [ -1.8391, 44.3329 ], [ -2.1933, 43.9978 ], [ -2.6945, 43.7839 ], [ -3.2689, 43.7221 ], [ -3.6675, 43.7926 ], [ -3.6767, 43.7885 ], [ -4.25, 43.7216 ], [ -4.8161, 43.8158 ], [ -5.1558, 43.9885 ] ] ]
    },
    "properties" : { }
  } ]
}